<?xml version="1.0"?>
<link_info>
   <banner>MSP430 Linker PC v16.9.4.LTS</banner>
   <copyright>Copyright (c) 2003-2017 Texas Instruments Incorporated</copyright>
   <link_time>0x59f93cb4</link_time>
   <link_errors>0x1</link_errors>
   <output_file>LED_Watch_v1.1.out</output_file>
   <entry_point>
      <name>_c_int00_noargs_noexit_mpu</name>
      <address>0xae8</address>
   </entry_point>
   <input_file_list>
      <input_file id="fl-2">
         <path>.\</path>
         <kind>object</kind>
         <file>led_controller.obj</file>
         <name>led_controller.obj</name>
      </input_file>
      <input_file id="fl-3">
         <path>.\</path>
         <kind>object</kind>
         <file>main.obj</file>
         <name>main.obj</name>
      </input_file>
      <input_file id="fl-9">
         <kind>object</kind>
         <file>&lt;internal&gt;</file>
         <name>&lt;internal&gt;</name>
      </input_file>
      <input_file id="fl-24">
         <path>C:\ti\ccsv7\tools\compiler\ti-cgt-msp430_16.9.4.LTS\lib\</path>
         <kind>archive</kind>
         <file>rts430x_sc_sd_eabi.lib</file>
         <name>boot.obj</name>
      </input_file>
      <input_file id="fl-25">
         <path>C:\ti\ccsv7\tools\compiler\ti-cgt-msp430_16.9.4.LTS\lib\</path>
         <kind>archive</kind>
         <file>rts430x_sc_sd_eabi.lib</file>
         <name>boot_special.obj</name>
      </input_file>
      <input_file id="fl-26">
         <path>C:\ti\ccsv7\tools\compiler\ti-cgt-msp430_16.9.4.LTS\lib\</path>
         <kind>archive</kind>
         <file>rts430x_sc_sd_eabi.lib</file>
         <name>copy_decompress_lzss.obj</name>
      </input_file>
      <input_file id="fl-27">
         <path>C:\ti\ccsv7\tools\compiler\ti-cgt-msp430_16.9.4.LTS\lib\</path>
         <kind>archive</kind>
         <file>rts430x_sc_sd_eabi.lib</file>
         <name>copy_decompress_none.obj</name>
      </input_file>
      <input_file id="fl-28">
         <path>C:\ti\ccsv7\tools\compiler\ti-cgt-msp430_16.9.4.LTS\lib\</path>
         <kind>archive</kind>
         <file>rts430x_sc_sd_eabi.lib</file>
         <name>copy_zero_init.obj</name>
      </input_file>
      <input_file id="fl-29">
         <path>C:\ti\ccsv7\tools\compiler\ti-cgt-msp430_16.9.4.LTS\lib\</path>
         <kind>archive</kind>
         <file>rts430x_sc_sd_eabi.lib</file>
         <name>exit.obj</name>
      </input_file>
      <input_file id="fl-2a">
         <path>C:\ti\ccsv7\tools\compiler\ti-cgt-msp430_16.9.4.LTS\lib\</path>
         <kind>archive</kind>
         <file>rts430x_sc_sd_eabi.lib</file>
         <name>exit_gvars.obj</name>
      </input_file>
      <input_file id="fl-2b">
         <path>C:\ti\ccsv7\tools\compiler\ti-cgt-msp430_16.9.4.LTS\lib\</path>
         <kind>archive</kind>
         <file>rts430x_sc_sd_eabi.lib</file>
         <name>int32.obj</name>
      </input_file>
      <input_file id="fl-2c">
         <path>C:\ti\ccsv7\tools\compiler\ti-cgt-msp430_16.9.4.LTS\lib\</path>
         <kind>archive</kind>
         <file>rts430x_sc_sd_eabi.lib</file>
         <name>int33.obj</name>
      </input_file>
      <input_file id="fl-2d">
         <path>C:\ti\ccsv7\tools\compiler\ti-cgt-msp430_16.9.4.LTS\lib\</path>
         <kind>archive</kind>
         <file>rts430x_sc_sd_eabi.lib</file>
         <name>int34.obj</name>
      </input_file>
      <input_file id="fl-2e">
         <path>C:\ti\ccsv7\tools\compiler\ti-cgt-msp430_16.9.4.LTS\lib\</path>
         <kind>archive</kind>
         <file>rts430x_sc_sd_eabi.lib</file>
         <name>int35.obj</name>
      </input_file>
      <input_file id="fl-2f">
         <path>C:\ti\ccsv7\tools\compiler\ti-cgt-msp430_16.9.4.LTS\lib\</path>
         <kind>archive</kind>
         <file>rts430x_sc_sd_eabi.lib</file>
         <name>int37.obj</name>
      </input_file>
      <input_file id="fl-30">
         <path>C:\ti\ccsv7\tools\compiler\ti-cgt-msp430_16.9.4.LTS\lib\</path>
         <kind>archive</kind>
         <file>rts430x_sc_sd_eabi.lib</file>
         <name>int42.obj</name>
      </input_file>
      <input_file id="fl-31">
         <path>C:\ti\ccsv7\tools\compiler\ti-cgt-msp430_16.9.4.LTS\lib\</path>
         <kind>archive</kind>
         <file>rts430x_sc_sd_eabi.lib</file>
         <name>int43.obj</name>
      </input_file>
      <input_file id="fl-32">
         <path>C:\ti\ccsv7\tools\compiler\ti-cgt-msp430_16.9.4.LTS\lib\</path>
         <kind>archive</kind>
         <file>rts430x_sc_sd_eabi.lib</file>
         <name>int44.obj</name>
      </input_file>
      <input_file id="fl-33">
         <path>C:\ti\ccsv7\tools\compiler\ti-cgt-msp430_16.9.4.LTS\lib\</path>
         <kind>archive</kind>
         <file>rts430x_sc_sd_eabi.lib</file>
         <name>int45.obj</name>
      </input_file>
      <input_file id="fl-34">
         <path>C:\ti\ccsv7\tools\compiler\ti-cgt-msp430_16.9.4.LTS\lib\</path>
         <kind>archive</kind>
         <file>rts430x_sc_sd_eabi.lib</file>
         <name>int46.obj</name>
      </input_file>
      <input_file id="fl-35">
         <path>C:\ti\ccsv7\tools\compiler\ti-cgt-msp430_16.9.4.LTS\lib\</path>
         <kind>archive</kind>
         <file>rts430x_sc_sd_eabi.lib</file>
         <name>int47.obj</name>
      </input_file>
      <input_file id="fl-36">
         <path>C:\ti\ccsv7\tools\compiler\ti-cgt-msp430_16.9.4.LTS\lib\</path>
         <kind>archive</kind>
         <file>rts430x_sc_sd_eabi.lib</file>
         <name>int48.obj</name>
      </input_file>
      <input_file id="fl-37">
         <path>C:\ti\ccsv7\tools\compiler\ti-cgt-msp430_16.9.4.LTS\lib\</path>
         <kind>archive</kind>
         <file>rts430x_sc_sd_eabi.lib</file>
         <name>int49.obj</name>
      </input_file>
      <input_file id="fl-38">
         <path>C:\ti\ccsv7\tools\compiler\ti-cgt-msp430_16.9.4.LTS\lib\</path>
         <kind>archive</kind>
         <file>rts430x_sc_sd_eabi.lib</file>
         <name>int50.obj</name>
      </input_file>
      <input_file id="fl-39">
         <path>C:\ti\ccsv7\tools\compiler\ti-cgt-msp430_16.9.4.LTS\lib\</path>
         <kind>archive</kind>
         <file>rts430x_sc_sd_eabi.lib</file>
         <name>int51.obj</name>
      </input_file>
      <input_file id="fl-3a">
         <path>C:\ti\ccsv7\tools\compiler\ti-cgt-msp430_16.9.4.LTS\lib\</path>
         <kind>archive</kind>
         <file>rts430x_sc_sd_eabi.lib</file>
         <name>int52.obj</name>
      </input_file>
      <input_file id="fl-3b">
         <path>C:\ti\ccsv7\tools\compiler\ti-cgt-msp430_16.9.4.LTS\lib\</path>
         <kind>archive</kind>
         <file>rts430x_sc_sd_eabi.lib</file>
         <name>int53.obj</name>
      </input_file>
      <input_file id="fl-3c">
         <path>C:\ti\ccsv7\tools\compiler\ti-cgt-msp430_16.9.4.LTS\lib\</path>
         <kind>archive</kind>
         <file>rts430x_sc_sd_eabi.lib</file>
         <name>int54.obj</name>
      </input_file>
      <input_file id="fl-3d">
         <path>C:\ti\ccsv7\tools\compiler\ti-cgt-msp430_16.9.4.LTS\lib\</path>
         <kind>archive</kind>
         <file>rts430x_sc_sd_eabi.lib</file>
         <name>isr_trap.obj</name>
      </input_file>
      <input_file id="fl-3e">
         <path>C:\ti\ccsv7\tools\compiler\ti-cgt-msp430_16.9.4.LTS\lib\</path>
         <kind>archive</kind>
         <file>rts430x_sc_sd_eabi.lib</file>
         <name>memcpy.obj</name>
      </input_file>
      <input_file id="fl-3f">
         <path>C:\ti\ccsv7\tools\compiler\ti-cgt-msp430_16.9.4.LTS\lib\</path>
         <kind>archive</kind>
         <file>rts430x_sc_sd_eabi.lib</file>
         <name>mpu_init.obj</name>
      </input_file>
      <input_file id="fl-40">
         <path>C:\ti\ccsv7\tools\compiler\ti-cgt-msp430_16.9.4.LTS\lib\</path>
         <kind>archive</kind>
         <file>rts430x_sc_sd_eabi.lib</file>
         <name>mult1632_f5hw.obj</name>
      </input_file>
      <input_file id="fl-41">
         <path>C:\ti\ccsv7\tools\compiler\ti-cgt-msp430_16.9.4.LTS\lib\</path>
         <kind>archive</kind>
         <file>rts430x_sc_sd_eabi.lib</file>
         <name>mult16_f5hw.obj</name>
      </input_file>
      <input_file id="fl-42">
         <path>C:\ti\ccsv7\tools\compiler\ti-cgt-msp430_16.9.4.LTS\lib\</path>
         <kind>archive</kind>
         <file>rts430x_sc_sd_eabi.lib</file>
         <name>mult3264_f5hw.obj</name>
      </input_file>
      <input_file id="fl-43">
         <path>C:\ti\ccsv7\tools\compiler\ti-cgt-msp430_16.9.4.LTS\lib\</path>
         <kind>archive</kind>
         <file>rts430x_sc_sd_eabi.lib</file>
         <name>mult32_f5hw.obj</name>
      </input_file>
      <input_file id="fl-44">
         <path>C:\ti\ccsv7\tools\compiler\ti-cgt-msp430_16.9.4.LTS\lib\</path>
         <kind>archive</kind>
         <file>rts430x_sc_sd_eabi.lib</file>
         <name>mult64_f5hw.obj</name>
      </input_file>
      <input_file id="fl-45">
         <path>C:\ti\ccsv7\tools\compiler\ti-cgt-msp430_16.9.4.LTS\lib\</path>
         <kind>archive</kind>
         <file>rts430x_sc_sd_eabi.lib</file>
         <name>pre_init.obj</name>
      </input_file>
      <input_file id="fl-46">
         <path>C:\ti\ccsv7\tools\compiler\ti-cgt-msp430_16.9.4.LTS\lib\</path>
         <kind>archive</kind>
         <file>rts430x_sc_sd_eabi.lib</file>
         <name>_lock.obj</name>
      </input_file>
      <input_file id="fl-47">
         <path>C:\ti\ccsv7\tools\compiler\ti-cgt-msp430_16.9.4.LTS\lib\</path>
         <kind>archive</kind>
         <file>rts430x_sc_sd_eabi.lib</file>
         <name>args_main.obj</name>
      </input_file>
      <input_file id="fl-48">
         <path>C:\ti\ccsv7\tools\compiler\ti-cgt-msp430_16.9.4.LTS\lib\</path>
         <kind>archive</kind>
         <file>rts430x_sc_sd_eabi.lib</file>
         <name>autoinit_wdt.obj</name>
      </input_file>
      <input_file id="fl-49">
         <path>C:\ti\ccsv7\tools\compiler\ti-cgt-msp430_16.9.4.LTS\lib\</path>
         <kind>archive</kind>
         <file>rts430x_sc_sd_eabi.lib</file>
         <name>cpy_tbl.obj</name>
      </input_file>
      <input_file id="fl-4a">
         <path>C:\ti\ccsv7\tools\compiler\ti-cgt-msp430_16.9.4.LTS\lib\</path>
         <kind>archive</kind>
         <file>rts430x_sc_sd_eabi.lib</file>
         <name>mult16.obj</name>
      </input_file>
      <input_file id="fl-4b">
         <path>C:\ti\ccsv7\tools\compiler\ti-cgt-msp430_16.9.4.LTS\lib\</path>
         <kind>archive</kind>
         <file>rts430x_sc_sd_eabi.lib</file>
         <name>startup.obj</name>
      </input_file>
   </input_file_list>
   <object_component_list>
      <object_component id="oc-835">
         <name>__TI_handler_table</name>
         <load_address>0xc</load_address>
         <run_address>0xc</run_address>
         <size>0x6</size>
      </object_component>
      <object_component id="oc-836">
         <name>__TI_cinit_table</name>
         <load_address>0x16</load_address>
         <run_address>0x16</run_address>
         <size>0x8</size>
      </object_component>
      <object_component id="oc-837">
         <name>.cinit..bss.load</name>
         <load_address>0x12</load_address>
         <run_address>0x12</run_address>
         <size>0x4</size>
      </object_component>
      <object_component id="oc-838">
         <name>.cinit..data.load</name>
         <load_address>0x0</load_address>
         <run_address>0x0</run_address>
         <size>0xc</size>
      </object_component>
      <object_component id="oc-7d6">
         <name>.binit</name>
         <load_address>0x1e</load_address>
         <run_address>0x1e</run_address>
         <size>0x0</size>
      </object_component>
      <object_component id="oc-548">
         <name>.text:zero_seconds</name>
         <load_address>0x1898</load_address>
         <run_address>0x1898</run_address>
         <size>0x1c</size>
         <input_file_ref idref="fl-2"/>
      </object_component>
      <object_component id="oc-6b0">
         <name>.text:zero_minutes</name>
         <load_address>0x1978</load_address>
         <run_address>0x1978</run_address>
         <size>0x1a</size>
         <input_file_ref idref="fl-2"/>
      </object_component>
      <object_component id="oc-6f8">
         <name>.text:zero_hours</name>
         <load_address>0x187c</load_address>
         <run_address>0x187c</run_address>
         <size>0x1c</size>
         <input_file_ref idref="fl-2"/>
      </object_component>
      <object_component id="oc-53c">
         <name>.text:two_seconds</name>
         <load_address>0x1860</load_address>
         <run_address>0x1860</run_address>
         <size>0x1c</size>
         <input_file_ref idref="fl-2"/>
      </object_component>
      <object_component id="oc-6a4">
         <name>.text:two_minutes</name>
         <load_address>0x195c</load_address>
         <run_address>0x195c</run_address>
         <size>0x1a</size>
         <input_file_ref idref="fl-2"/>
      </object_component>
      <object_component id="oc-6ec">
         <name>.text:two_hours</name>
         <load_address>0x1844</load_address>
         <run_address>0x1844</run_address>
         <size>0x1c</size>
         <input_file_ref idref="fl-2"/>
      </object_component>
      <object_component id="oc-4c4">
         <name>.text:twentytwo_seconds</name>
         <load_address>0x1828</load_address>
         <run_address>0x1828</run_address>
         <size>0x1c</size>
         <input_file_ref idref="fl-2"/>
      </object_component>
      <object_component id="oc-62c">
         <name>.text:twentytwo_minutes</name>
         <load_address>0x180c</load_address>
         <run_address>0x180c</run_address>
         <size>0x1c</size>
         <input_file_ref idref="fl-2"/>
      </object_component>
      <object_component id="oc-4be">
         <name>.text:twentythree_seconds</name>
         <load_address>0x17f0</load_address>
         <run_address>0x17f0</run_address>
         <size>0x1c</size>
         <input_file_ref idref="fl-2"/>
      </object_component>
      <object_component id="oc-626">
         <name>.text:twentythree_minutes</name>
         <load_address>0x17d4</load_address>
         <run_address>0x17d4</run_address>
         <size>0x1c</size>
         <input_file_ref idref="fl-2"/>
      </object_component>
      <object_component id="oc-4ac">
         <name>.text:twentysix_seconds</name>
         <load_address>0x17b8</load_address>
         <run_address>0x17b8</run_address>
         <size>0x1c</size>
         <input_file_ref idref="fl-2"/>
      </object_component>
      <object_component id="oc-614">
         <name>.text:twentysix_minutes</name>
         <load_address>0x179c</load_address>
         <run_address>0x179c</run_address>
         <size>0x1c</size>
         <input_file_ref idref="fl-2"/>
      </object_component>
      <object_component id="oc-4a6">
         <name>.text:twentyseven_seconds</name>
         <load_address>0x1780</load_address>
         <run_address>0x1780</run_address>
         <size>0x1c</size>
         <input_file_ref idref="fl-2"/>
      </object_component>
      <object_component id="oc-60e">
         <name>.text:twentyseven_minutes</name>
         <load_address>0x1764</load_address>
         <run_address>0x1764</run_address>
         <size>0x1c</size>
         <input_file_ref idref="fl-2"/>
      </object_component>
      <object_component id="oc-4ca">
         <name>.text:twentyone_seconds</name>
         <load_address>0x1748</load_address>
         <run_address>0x1748</run_address>
         <size>0x1c</size>
         <input_file_ref idref="fl-2"/>
      </object_component>
      <object_component id="oc-632">
         <name>.text:twentyone_minutes</name>
         <load_address>0x172c</load_address>
         <run_address>0x172c</run_address>
         <size>0x1c</size>
         <input_file_ref idref="fl-2"/>
      </object_component>
      <object_component id="oc-49a">
         <name>.text:twentynine_seconds</name>
         <load_address>0x1710</load_address>
         <run_address>0x1710</run_address>
         <size>0x1c</size>
         <input_file_ref idref="fl-2"/>
      </object_component>
      <object_component id="oc-602">
         <name>.text:twentynine_minutes</name>
         <load_address>0x16f4</load_address>
         <run_address>0x16f4</run_address>
         <size>0x1c</size>
         <input_file_ref idref="fl-2"/>
      </object_component>
      <object_component id="oc-4b8">
         <name>.text:twentyfour_seconds</name>
         <load_address>0x16d8</load_address>
         <run_address>0x16d8</run_address>
         <size>0x1c</size>
         <input_file_ref idref="fl-2"/>
      </object_component>
      <object_component id="oc-620">
         <name>.text:twentyfour_minutes</name>
         <load_address>0x16bc</load_address>
         <run_address>0x16bc</run_address>
         <size>0x1c</size>
         <input_file_ref idref="fl-2"/>
      </object_component>
      <object_component id="oc-4b2">
         <name>.text:twentyfive_seconds</name>
         <load_address>0x16a0</load_address>
         <run_address>0x16a0</run_address>
         <size>0x1c</size>
         <input_file_ref idref="fl-2"/>
      </object_component>
      <object_component id="oc-61a">
         <name>.text:twentyfive_minutes</name>
         <load_address>0x1684</load_address>
         <run_address>0x1684</run_address>
         <size>0x1c</size>
         <input_file_ref idref="fl-2"/>
      </object_component>
      <object_component id="oc-4a0">
         <name>.text:twentyeight_seconds</name>
         <load_address>0x1668</load_address>
         <run_address>0x1668</run_address>
         <size>0x1c</size>
         <input_file_ref idref="fl-2"/>
      </object_component>
      <object_component id="oc-608">
         <name>.text:twentyeight_minutes</name>
         <load_address>0x164c</load_address>
         <run_address>0x164c</run_address>
         <size>0x1c</size>
         <input_file_ref idref="fl-2"/>
      </object_component>
      <object_component id="oc-4d0">
         <name>.text:twenty_seconds</name>
         <load_address>0x1630</load_address>
         <run_address>0x1630</run_address>
         <size>0x1c</size>
         <input_file_ref idref="fl-2"/>
      </object_component>
      <object_component id="oc-638">
         <name>.text:twenty_minutes</name>
         <load_address>0x1614</load_address>
         <run_address>0x1614</run_address>
         <size>0x1c</size>
         <input_file_ref idref="fl-2"/>
      </object_component>
      <object_component id="oc-500">
         <name>.text:twelve_seconds</name>
         <load_address>0x15f8</load_address>
         <run_address>0x15f8</run_address>
         <size>0x1c</size>
         <input_file_ref idref="fl-2"/>
      </object_component>
      <object_component id="oc-668">
         <name>.text:twelve_minutes</name>
         <load_address>0x15dc</load_address>
         <run_address>0x15dc</run_address>
         <size>0x1c</size>
         <input_file_ref idref="fl-2"/>
      </object_component>
      <object_component id="oc-536">
         <name>.text:three_seconds</name>
         <load_address>0x15c0</load_address>
         <run_address>0x15c0</run_address>
         <size>0x1c</size>
         <input_file_ref idref="fl-2"/>
      </object_component>
      <object_component id="oc-69e">
         <name>.text:three_minutes</name>
         <load_address>0x15a4</load_address>
         <run_address>0x15a4</run_address>
         <size>0x1c</size>
         <input_file_ref idref="fl-2"/>
      </object_component>
      <object_component id="oc-6e6">
         <name>.text:three_hours</name>
         <load_address>0x1588</load_address>
         <run_address>0x1588</run_address>
         <size>0x1c</size>
         <input_file_ref idref="fl-2"/>
      </object_component>
      <object_component id="oc-488">
         <name>.text:thirtytwo_seconds</name>
         <load_address>0x156c</load_address>
         <run_address>0x156c</run_address>
         <size>0x1c</size>
         <input_file_ref idref="fl-2"/>
      </object_component>
      <object_component id="oc-5f0">
         <name>.text:thirtytwo_minutes</name>
         <load_address>0x1550</load_address>
         <run_address>0x1550</run_address>
         <size>0x1c</size>
         <input_file_ref idref="fl-2"/>
      </object_component>
      <object_component id="oc-482">
         <name>.text:thirtythree_seconds</name>
         <load_address>0x1534</load_address>
         <run_address>0x1534</run_address>
         <size>0x1c</size>
         <input_file_ref idref="fl-2"/>
      </object_component>
      <object_component id="oc-5ea">
         <name>.text:thirtythree_minutes</name>
         <load_address>0x1518</load_address>
         <run_address>0x1518</run_address>
         <size>0x1c</size>
         <input_file_ref idref="fl-2"/>
      </object_component>
      <object_component id="oc-470">
         <name>.text:thirtysix_seconds</name>
         <load_address>0x14fc</load_address>
         <run_address>0x14fc</run_address>
         <size>0x1c</size>
         <input_file_ref idref="fl-2"/>
      </object_component>
      <object_component id="oc-5d8">
         <name>.text:thirtysix_minutes</name>
         <load_address>0x14e0</load_address>
         <run_address>0x14e0</run_address>
         <size>0x1c</size>
         <input_file_ref idref="fl-2"/>
      </object_component>
      <object_component id="oc-46a">
         <name>.text:thirtyseven_seconds</name>
         <load_address>0x14c4</load_address>
         <run_address>0x14c4</run_address>
         <size>0x1c</size>
         <input_file_ref idref="fl-2"/>
      </object_component>
      <object_component id="oc-5d2">
         <name>.text:thirtyseven_minutes</name>
         <load_address>0x14a8</load_address>
         <run_address>0x14a8</run_address>
         <size>0x1c</size>
         <input_file_ref idref="fl-2"/>
      </object_component>
      <object_component id="oc-48e">
         <name>.text:thirtyone_seconds</name>
         <load_address>0x148c</load_address>
         <run_address>0x148c</run_address>
         <size>0x1c</size>
         <input_file_ref idref="fl-2"/>
      </object_component>
      <object_component id="oc-5f6">
         <name>.text:thirtyone_minutes</name>
         <load_address>0x1470</load_address>
         <run_address>0x1470</run_address>
         <size>0x1c</size>
         <input_file_ref idref="fl-2"/>
      </object_component>
      <object_component id="oc-45e">
         <name>.text:thirtynine_seconds</name>
         <load_address>0x1454</load_address>
         <run_address>0x1454</run_address>
         <size>0x1c</size>
         <input_file_ref idref="fl-2"/>
      </object_component>
      <object_component id="oc-5c6">
         <name>.text:thirtynine_minutes</name>
         <load_address>0x1438</load_address>
         <run_address>0x1438</run_address>
         <size>0x1c</size>
         <input_file_ref idref="fl-2"/>
      </object_component>
      <object_component id="oc-47c">
         <name>.text:thirtyfour_seconds</name>
         <load_address>0x141c</load_address>
         <run_address>0x141c</run_address>
         <size>0x1c</size>
         <input_file_ref idref="fl-2"/>
      </object_component>
      <object_component id="oc-5e4">
         <name>.text:thirtyfour_minutes</name>
         <load_address>0x1400</load_address>
         <run_address>0x1400</run_address>
         <size>0x1c</size>
         <input_file_ref idref="fl-2"/>
      </object_component>
      <object_component id="oc-476">
         <name>.text:thirtyfive_seconds</name>
         <load_address>0x13e4</load_address>
         <run_address>0x13e4</run_address>
         <size>0x1c</size>
         <input_file_ref idref="fl-2"/>
      </object_component>
      <object_component id="oc-5de">
         <name>.text:thirtyfive_minutes</name>
         <load_address>0x13c8</load_address>
         <run_address>0x13c8</run_address>
         <size>0x1c</size>
         <input_file_ref idref="fl-2"/>
      </object_component>
      <object_component id="oc-464">
         <name>.text:thirtyeight_seconds</name>
         <load_address>0x13ac</load_address>
         <run_address>0x13ac</run_address>
         <size>0x1c</size>
         <input_file_ref idref="fl-2"/>
      </object_component>
      <object_component id="oc-5cc">
         <name>.text:thirtyeight_minutes</name>
         <load_address>0x1390</load_address>
         <run_address>0x1390</run_address>
         <size>0x1c</size>
         <input_file_ref idref="fl-2"/>
      </object_component>
      <object_component id="oc-494">
         <name>.text:thirty_seconds</name>
         <load_address>0x1374</load_address>
         <run_address>0x1374</run_address>
         <size>0x1c</size>
         <input_file_ref idref="fl-2"/>
      </object_component>
      <object_component id="oc-5fc">
         <name>.text:thirty_minutes</name>
         <load_address>0x1358</load_address>
         <run_address>0x1358</run_address>
         <size>0x1c</size>
         <input_file_ref idref="fl-2"/>
      </object_component>
      <object_component id="oc-4fa">
         <name>.text:thirteen_seconds</name>
         <load_address>0x133c</load_address>
         <run_address>0x133c</run_address>
         <size>0x1c</size>
         <input_file_ref idref="fl-2"/>
      </object_component>
      <object_component id="oc-662">
         <name>.text:thirteen_minutes</name>
         <load_address>0x1320</load_address>
         <run_address>0x1320</run_address>
         <size>0x1c</size>
         <input_file_ref idref="fl-2"/>
      </object_component>
      <object_component id="oc-50c">
         <name>.text:ten_seconds</name>
         <load_address>0x1304</load_address>
         <run_address>0x1304</run_address>
         <size>0x1c</size>
         <input_file_ref idref="fl-2"/>
      </object_component>
      <object_component id="oc-674">
         <name>.text:ten_minutes</name>
         <load_address>0x12e8</load_address>
         <run_address>0x12e8</run_address>
         <size>0x1c</size>
         <input_file_ref idref="fl-2"/>
      </object_component>
      <object_component id="oc-6bc">
         <name>.text:ten_hours</name>
         <load_address>0x12cc</load_address>
         <run_address>0x12cc</run_address>
         <size>0x1c</size>
         <input_file_ref idref="fl-2"/>
      </object_component>
      <object_component id="oc-4e8">
         <name>.text:sixteen_seconds</name>
         <load_address>0x12b0</load_address>
         <run_address>0x12b0</run_address>
         <size>0x1c</size>
         <input_file_ref idref="fl-2"/>
      </object_component>
      <object_component id="oc-650">
         <name>.text:sixteen_minutes</name>
         <load_address>0x1294</load_address>
         <run_address>0x1294</run_address>
         <size>0x1c</size>
         <input_file_ref idref="fl-2"/>
      </object_component>
      <object_component id="oc-524">
         <name>.text:six_seconds</name>
         <load_address>0x1278</load_address>
         <run_address>0x1278</run_address>
         <size>0x1c</size>
         <input_file_ref idref="fl-2"/>
      </object_component>
      <object_component id="oc-68c">
         <name>.text:six_minutes</name>
         <load_address>0x125c</load_address>
         <run_address>0x125c</run_address>
         <size>0x1c</size>
         <input_file_ref idref="fl-2"/>
      </object_component>
      <object_component id="oc-6d4">
         <name>.text:six_hours</name>
         <load_address>0x1240</load_address>
         <run_address>0x1240</run_address>
         <size>0x1c</size>
         <input_file_ref idref="fl-2"/>
      </object_component>
      <object_component id="oc-4e2">
         <name>.text:seventeen_seconds</name>
         <load_address>0x1224</load_address>
         <run_address>0x1224</run_address>
         <size>0x1c</size>
         <input_file_ref idref="fl-2"/>
      </object_component>
      <object_component id="oc-64a">
         <name>.text:seventeen_minutes</name>
         <load_address>0x1208</load_address>
         <run_address>0x1208</run_address>
         <size>0x1c</size>
         <input_file_ref idref="fl-2"/>
      </object_component>
      <object_component id="oc-51e">
         <name>.text:seven_seconds</name>
         <load_address>0x11ec</load_address>
         <run_address>0x11ec</run_address>
         <size>0x1c</size>
         <input_file_ref idref="fl-2"/>
      </object_component>
      <object_component id="oc-686">
         <name>.text:seven_minutes</name>
         <load_address>0x11d0</load_address>
         <run_address>0x11d0</run_address>
         <size>0x1c</size>
         <input_file_ref idref="fl-2"/>
      </object_component>
      <object_component id="oc-6ce">
         <name>.text:seven_hours</name>
         <load_address>0x11b4</load_address>
         <run_address>0x11b4</run_address>
         <size>0x1c</size>
         <input_file_ref idref="fl-2"/>
      </object_component>
      <object_component id="oc-3e0">
         <name>.text:reset_leds</name>
         <load_address>0x1198</load_address>
         <run_address>0x1198</run_address>
         <size>0x1c</size>
         <input_file_ref idref="fl-2"/>
      </object_component>
      <object_component id="oc-6fe">
         <name>.text:pm_on</name>
         <load_address>0x1a00</load_address>
         <run_address>0x1a00</run_address>
         <size>0x8</size>
         <input_file_ref idref="fl-2"/>
      </object_component>
      <object_component id="oc-542">
         <name>.text:one_seconds</name>
         <load_address>0x117c</load_address>
         <run_address>0x117c</run_address>
         <size>0x1c</size>
         <input_file_ref idref="fl-2"/>
      </object_component>
      <object_component id="oc-6aa">
         <name>.text:one_minutes</name>
         <load_address>0x1160</load_address>
         <run_address>0x1160</run_address>
         <size>0x1c</size>
         <input_file_ref idref="fl-2"/>
      </object_component>
      <object_component id="oc-6f2">
         <name>.text:one_hours</name>
         <load_address>0x1144</load_address>
         <run_address>0x1144</run_address>
         <size>0x1c</size>
         <input_file_ref idref="fl-2"/>
      </object_component>
      <object_component id="oc-4d6">
         <name>.text:nineteen_seconds</name>
         <load_address>0x1128</load_address>
         <run_address>0x1128</run_address>
         <size>0x1c</size>
         <input_file_ref idref="fl-2"/>
      </object_component>
      <object_component id="oc-63e">
         <name>.text:nineteen_minutes</name>
         <load_address>0x110c</load_address>
         <run_address>0x110c</run_address>
         <size>0x1c</size>
         <input_file_ref idref="fl-2"/>
      </object_component>
      <object_component id="oc-512">
         <name>.text:nine_seconds</name>
         <load_address>0x10f0</load_address>
         <run_address>0x10f0</run_address>
         <size>0x1c</size>
         <input_file_ref idref="fl-2"/>
      </object_component>
      <object_component id="oc-67a">
         <name>.text:nine_minutes</name>
         <load_address>0x10d4</load_address>
         <run_address>0x10d4</run_address>
         <size>0x1c</size>
         <input_file_ref idref="fl-2"/>
      </object_component>
      <object_component id="oc-6c2">
         <name>.text:nine_hours</name>
         <load_address>0x10b8</load_address>
         <run_address>0x10b8</run_address>
         <size>0x1c</size>
         <input_file_ref idref="fl-2"/>
      </object_component>
      <object_component id="oc-4f4">
         <name>.text:fourteen_seconds</name>
         <load_address>0x109c</load_address>
         <run_address>0x109c</run_address>
         <size>0x1c</size>
         <input_file_ref idref="fl-2"/>
      </object_component>
      <object_component id="oc-65c">
         <name>.text:fourteen_minutes</name>
         <load_address>0x1080</load_address>
         <run_address>0x1080</run_address>
         <size>0x1c</size>
         <input_file_ref idref="fl-2"/>
      </object_component>
      <object_component id="oc-530">
         <name>.text:four_seconds</name>
         <load_address>0x1064</load_address>
         <run_address>0x1064</run_address>
         <size>0x1c</size>
         <input_file_ref idref="fl-2"/>
      </object_component>
      <object_component id="oc-698">
         <name>.text:four_minutes</name>
         <load_address>0x1048</load_address>
         <run_address>0x1048</run_address>
         <size>0x1c</size>
         <input_file_ref idref="fl-2"/>
      </object_component>
      <object_component id="oc-6e0">
         <name>.text:four_hours</name>
         <load_address>0x102c</load_address>
         <run_address>0x102c</run_address>
         <size>0x1c</size>
         <input_file_ref idref="fl-2"/>
      </object_component>
      <object_component id="oc-44c">
         <name>.text:fortytwo_seconds</name>
         <load_address>0x1010</load_address>
         <run_address>0x1010</run_address>
         <size>0x1c</size>
         <input_file_ref idref="fl-2"/>
      </object_component>
      <object_component id="oc-5b4">
         <name>.text:fortytwo_minutes</name>
         <load_address>0xff4</load_address>
         <run_address>0xff4</run_address>
         <size>0x1c</size>
         <input_file_ref idref="fl-2"/>
      </object_component>
      <object_component id="oc-446">
         <name>.text:fortythree_seconds</name>
         <load_address>0xfd8</load_address>
         <run_address>0xfd8</run_address>
         <size>0x1c</size>
         <input_file_ref idref="fl-2"/>
      </object_component>
      <object_component id="oc-5ae">
         <name>.text:fortythree_minutes</name>
         <load_address>0xfbc</load_address>
         <run_address>0xfbc</run_address>
         <size>0x1c</size>
         <input_file_ref idref="fl-2"/>
      </object_component>
      <object_component id="oc-434">
         <name>.text:fortysix_seconds</name>
         <load_address>0xfa0</load_address>
         <run_address>0xfa0</run_address>
         <size>0x1c</size>
         <input_file_ref idref="fl-2"/>
      </object_component>
      <object_component id="oc-59c">
         <name>.text:fortysix_minutes</name>
         <load_address>0xf84</load_address>
         <run_address>0xf84</run_address>
         <size>0x1c</size>
         <input_file_ref idref="fl-2"/>
      </object_component>
      <object_component id="oc-42e">
         <name>.text:fortyseven_seconds</name>
         <load_address>0xf68</load_address>
         <run_address>0xf68</run_address>
         <size>0x1c</size>
         <input_file_ref idref="fl-2"/>
      </object_component>
      <object_component id="oc-596">
         <name>.text:fortyseven_minutes</name>
         <load_address>0xf4c</load_address>
         <run_address>0xf4c</run_address>
         <size>0x1c</size>
         <input_file_ref idref="fl-2"/>
      </object_component>
      <object_component id="oc-452">
         <name>.text:fortyone_seconds</name>
         <load_address>0xf30</load_address>
         <run_address>0xf30</run_address>
         <size>0x1c</size>
         <input_file_ref idref="fl-2"/>
      </object_component>
      <object_component id="oc-5ba">
         <name>.text:fortyone_minutes</name>
         <load_address>0xf14</load_address>
         <run_address>0xf14</run_address>
         <size>0x1c</size>
         <input_file_ref idref="fl-2"/>
      </object_component>
      <object_component id="oc-422">
         <name>.text:fortynine_seconds</name>
         <load_address>0xef8</load_address>
         <run_address>0xef8</run_address>
         <size>0x1c</size>
         <input_file_ref idref="fl-2"/>
      </object_component>
      <object_component id="oc-58a">
         <name>.text:fortynine_minutes</name>
         <load_address>0xedc</load_address>
         <run_address>0xedc</run_address>
         <size>0x1c</size>
         <input_file_ref idref="fl-2"/>
      </object_component>
      <object_component id="oc-440">
         <name>.text:fortyfour_seconds</name>
         <load_address>0xec0</load_address>
         <run_address>0xec0</run_address>
         <size>0x1c</size>
         <input_file_ref idref="fl-2"/>
      </object_component>
      <object_component id="oc-5a8">
         <name>.text:fortyfour_minutes</name>
         <load_address>0xea4</load_address>
         <run_address>0xea4</run_address>
         <size>0x1c</size>
         <input_file_ref idref="fl-2"/>
      </object_component>
      <object_component id="oc-43a">
         <name>.text:fortyfive_seconds</name>
         <load_address>0xe88</load_address>
         <run_address>0xe88</run_address>
         <size>0x1c</size>
         <input_file_ref idref="fl-2"/>
      </object_component>
      <object_component id="oc-5a2">
         <name>.text:fortyfive_minutes</name>
         <load_address>0xe6c</load_address>
         <run_address>0xe6c</run_address>
         <size>0x1c</size>
         <input_file_ref idref="fl-2"/>
      </object_component>
      <object_component id="oc-428">
         <name>.text:fortyeight_seconds</name>
         <load_address>0xe50</load_address>
         <run_address>0xe50</run_address>
         <size>0x1c</size>
         <input_file_ref idref="fl-2"/>
      </object_component>
      <object_component id="oc-590">
         <name>.text:fortyeight_minutes</name>
         <load_address>0xe34</load_address>
         <run_address>0xe34</run_address>
         <size>0x1c</size>
         <input_file_ref idref="fl-2"/>
      </object_component>
      <object_component id="oc-458">
         <name>.text:forty_seconds</name>
         <load_address>0xe18</load_address>
         <run_address>0xe18</run_address>
         <size>0x1c</size>
         <input_file_ref idref="fl-2"/>
      </object_component>
      <object_component id="oc-5c0">
         <name>.text:forty_minutes</name>
         <load_address>0xdfc</load_address>
         <run_address>0xdfc</run_address>
         <size>0x1c</size>
         <input_file_ref idref="fl-2"/>
      </object_component>
      <object_component id="oc-52a">
         <name>.text:five_seconds</name>
         <load_address>0xde0</load_address>
         <run_address>0xde0</run_address>
         <size>0x1c</size>
         <input_file_ref idref="fl-2"/>
      </object_component>
      <object_component id="oc-692">
         <name>.text:five_minutes</name>
         <load_address>0xdc4</load_address>
         <run_address>0xdc4</run_address>
         <size>0x1c</size>
         <input_file_ref idref="fl-2"/>
      </object_component>
      <object_component id="oc-6da">
         <name>.text:five_hours</name>
         <load_address>0xda8</load_address>
         <run_address>0xda8</run_address>
         <size>0x1c</size>
         <input_file_ref idref="fl-2"/>
      </object_component>
      <object_component id="oc-410">
         <name>.text:fiftytwo_seconds</name>
         <load_address>0xd8c</load_address>
         <run_address>0xd8c</run_address>
         <size>0x1c</size>
         <input_file_ref idref="fl-2"/>
      </object_component>
      <object_component id="oc-578">
         <name>.text:fiftytwo_minutes</name>
         <load_address>0x1940</load_address>
         <run_address>0x1940</run_address>
         <size>0x1a</size>
         <input_file_ref idref="fl-2"/>
      </object_component>
      <object_component id="oc-40a">
         <name>.text:fiftythree_seconds</name>
         <load_address>0xd70</load_address>
         <run_address>0xd70</run_address>
         <size>0x1c</size>
         <input_file_ref idref="fl-2"/>
      </object_component>
      <object_component id="oc-572">
         <name>.text:fiftythree_minutes</name>
         <load_address>0xd54</load_address>
         <run_address>0xd54</run_address>
         <size>0x1c</size>
         <input_file_ref idref="fl-2"/>
      </object_component>
      <object_component id="oc-3f8">
         <name>.text:fiftysix_seconds</name>
         <load_address>0xd38</load_address>
         <run_address>0xd38</run_address>
         <size>0x1c</size>
         <input_file_ref idref="fl-2"/>
      </object_component>
      <object_component id="oc-560">
         <name>.text:fiftysix_minutes</name>
         <load_address>0xd1c</load_address>
         <run_address>0xd1c</run_address>
         <size>0x1c</size>
         <input_file_ref idref="fl-2"/>
      </object_component>
      <object_component id="oc-3f2">
         <name>.text:fiftyseven_seconds</name>
         <load_address>0xd00</load_address>
         <run_address>0xd00</run_address>
         <size>0x1c</size>
         <input_file_ref idref="fl-2"/>
      </object_component>
      <object_component id="oc-55a">
         <name>.text:fiftyseven_minutes</name>
         <load_address>0xce4</load_address>
         <run_address>0xce4</run_address>
         <size>0x1c</size>
         <input_file_ref idref="fl-2"/>
      </object_component>
      <object_component id="oc-416">
         <name>.text:fiftyone_seconds</name>
         <load_address>0xcc8</load_address>
         <run_address>0xcc8</run_address>
         <size>0x1c</size>
         <input_file_ref idref="fl-2"/>
      </object_component>
      <object_component id="oc-57e">
         <name>.text:fiftyone_minutes</name>
         <load_address>0x1924</load_address>
         <run_address>0x1924</run_address>
         <size>0x1a</size>
         <input_file_ref idref="fl-2"/>
      </object_component>
      <object_component id="oc-3e6">
         <name>.text:fiftynine_seconds</name>
         <load_address>0xcac</load_address>
         <run_address>0xcac</run_address>
         <size>0x1c</size>
         <input_file_ref idref="fl-2"/>
      </object_component>
      <object_component id="oc-54e">
         <name>.text:fiftynine_minutes</name>
         <load_address>0x1908</load_address>
         <run_address>0x1908</run_address>
         <size>0x1a</size>
         <input_file_ref idref="fl-2"/>
      </object_component>
      <object_component id="oc-404">
         <name>.text:fiftyfour_seconds</name>
         <load_address>0xc90</load_address>
         <run_address>0xc90</run_address>
         <size>0x1c</size>
         <input_file_ref idref="fl-2"/>
      </object_component>
      <object_component id="oc-56c">
         <name>.text:fiftyfour_minutes</name>
         <load_address>0x18ec</load_address>
         <run_address>0x18ec</run_address>
         <size>0x1a</size>
         <input_file_ref idref="fl-2"/>
      </object_component>
      <object_component id="oc-3fe">
         <name>.text:fiftyfive_seconds</name>
         <load_address>0xc74</load_address>
         <run_address>0xc74</run_address>
         <size>0x1c</size>
         <input_file_ref idref="fl-2"/>
      </object_component>
      <object_component id="oc-566">
         <name>.text:fiftyfive_minutes</name>
         <load_address>0x18d0</load_address>
         <run_address>0x18d0</run_address>
         <size>0x1a</size>
         <input_file_ref idref="fl-2"/>
      </object_component>
      <object_component id="oc-3ec">
         <name>.text:fiftyeight_seconds</name>
         <load_address>0xc58</load_address>
         <run_address>0xc58</run_address>
         <size>0x1c</size>
         <input_file_ref idref="fl-2"/>
      </object_component>
      <object_component id="oc-554">
         <name>.text:fiftyeight_minutes</name>
         <load_address>0x18b4</load_address>
         <run_address>0x18b4</run_address>
         <size>0x1a</size>
         <input_file_ref idref="fl-2"/>
      </object_component>
      <object_component id="oc-41c">
         <name>.text:fifty_seconds</name>
         <load_address>0xc3c</load_address>
         <run_address>0xc3c</run_address>
         <size>0x1c</size>
         <input_file_ref idref="fl-2"/>
      </object_component>
      <object_component id="oc-584">
         <name>.text:fifty_minutes</name>
         <load_address>0xc20</load_address>
         <run_address>0xc20</run_address>
         <size>0x1c</size>
         <input_file_ref idref="fl-2"/>
      </object_component>
      <object_component id="oc-4ee">
         <name>.text:fifteen_seconds</name>
         <load_address>0xc04</load_address>
         <run_address>0xc04</run_address>
         <size>0x1c</size>
         <input_file_ref idref="fl-2"/>
      </object_component>
      <object_component id="oc-656">
         <name>.text:fifteen_minutes</name>
         <load_address>0xbe8</load_address>
         <run_address>0xbe8</run_address>
         <size>0x1c</size>
         <input_file_ref idref="fl-2"/>
      </object_component>
      <object_component id="oc-506">
         <name>.text:eleven_seconds</name>
         <load_address>0xbcc</load_address>
         <run_address>0xbcc</run_address>
         <size>0x1c</size>
         <input_file_ref idref="fl-2"/>
      </object_component>
      <object_component id="oc-66e">
         <name>.text:eleven_minutes</name>
         <load_address>0xbb0</load_address>
         <run_address>0xbb0</run_address>
         <size>0x1c</size>
         <input_file_ref idref="fl-2"/>
      </object_component>
      <object_component id="oc-6b6">
         <name>.text:eleven_hours</name>
         <load_address>0xb94</load_address>
         <run_address>0xb94</run_address>
         <size>0x1c</size>
         <input_file_ref idref="fl-2"/>
      </object_component>
      <object_component id="oc-4dc">
         <name>.text:eighteen_seconds</name>
         <load_address>0xb78</load_address>
         <run_address>0xb78</run_address>
         <size>0x1c</size>
         <input_file_ref idref="fl-2"/>
      </object_component>
      <object_component id="oc-644">
         <name>.text:eighteen_minutes</name>
         <load_address>0xb5c</load_address>
         <run_address>0xb5c</run_address>
         <size>0x1c</size>
         <input_file_ref idref="fl-2"/>
      </object_component>
      <object_component id="oc-518">
         <name>.text:eight_seconds</name>
         <load_address>0xb40</load_address>
         <run_address>0xb40</run_address>
         <size>0x1c</size>
         <input_file_ref idref="fl-2"/>
      </object_component>
      <object_component id="oc-680">
         <name>.text:eight_minutes</name>
         <load_address>0xb24</load_address>
         <run_address>0xb24</run_address>
         <size>0x1c</size>
         <input_file_ref idref="fl-2"/>
      </object_component>
      <object_component id="oc-6c8">
         <name>.text:eight_hours</name>
         <load_address>0xb08</load_address>
         <run_address>0xb08</run_address>
         <size>0x1c</size>
         <input_file_ref idref="fl-2"/>
      </object_component>
      <object_component id="oc-323">
         <name>.text:rtc_isr</name>
         <load_address>0x9f4</load_address>
         <run_address>0x9f4</run_address>
         <size>0x52</size>
         <input_file_ref idref="fl-3"/>
      </object_component>
      <object_component id="oc-3da">
         <name>.text:initialize</name>
         <load_address>0x7d0</load_address>
         <run_address>0x7d0</run_address>
         <size>0xe0</size>
         <input_file_ref idref="fl-3"/>
      </object_component>
      <object_component id="oc-373">
         <name>.text:main</name>
         <load_address>0x80</load_address>
         <run_address>0x80</run_address>
         <size>0x750</size>
         <input_file_ref idref="fl-3"/>
      </object_component>
      <object_component id="oc-334">
         <name>.text:Timer1_B0_ISR</name>
         <load_address>0xa7c</load_address>
         <run_address>0xa7c</run_address>
         <size>0x30</size>
         <input_file_ref idref="fl-3"/>
      </object_component>
      <object_component id="oc-340">
         <name>.text:Timer1_A1_ISR</name>
         <load_address>0xa48</load_address>
         <run_address>0xa48</run_address>
         <size>0x32</size>
         <input_file_ref idref="fl-3"/>
      </object_component>
      <object_component id="oc-346">
         <name>.text:Timer1_A0_ISR</name>
         <load_address>0xaac</load_address>
         <run_address>0xaac</run_address>
         <size>0x1e</size>
         <input_file_ref idref="fl-3"/>
      </object_component>
      <object_component id="oc-32e">
         <name>.text:Port_2</name>
         <load_address>0x19ec</load_address>
         <run_address>0x19ec</run_address>
         <size>0xa</size>
         <input_file_ref idref="fl-3"/>
      </object_component>
      <object_component id="oc-33a">
         <name>.text:Port_1</name>
         <load_address>0x19e0</load_address>
         <run_address>0x19e0</run_address>
         <size>0xa</size>
         <input_file_ref idref="fl-3"/>
      </object_component>
      <object_component id="oc-b6">
         <name>.text:_c_int00_noargs_noexit_mpu</name>
         <load_address>0xae8</load_address>
         <run_address>0xae8</run_address>
         <size>0x1e</size>
         <input_file_ref idref="fl-25"/>
      </object_component>
      <object_component id="oc-6e">
         <name>.text:decompress:lzss:__TI_decompress_lzss</name>
         <load_address>0x92e</load_address>
         <run_address>0x92e</run_address>
         <size>0x6e</size>
         <input_file_ref idref="fl-26"/>
      </object_component>
      <object_component id="oc-74">
         <name>.text:decompress:none:__TI_decompress_none</name>
         <load_address>0x19ba</load_address>
         <run_address>0x19ba</run_address>
         <size>0x12</size>
         <input_file_ref idref="fl-27"/>
      </object_component>
      <object_component id="oc-92">
         <name>.text:decompress:ZI:__TI_zero_init</name>
         <load_address>0x1992</load_address>
         <run_address>0x1992</run_address>
         <size>0x14</size>
         <input_file_ref idref="fl-28"/>
      </object_component>
      <object_component id="oc-37b">
         <name>.text:abort</name>
         <load_address>0x1a08</load_address>
         <run_address>0x1a08</run_address>
         <size>0x6</size>
         <input_file_ref idref="fl-29"/>
      </object_component>
      <object_component id="oc-329">
         <name>.text:_isr:__TI_ISR_TRAP</name>
         <load_address>0x19f6</load_address>
         <run_address>0x19f6</run_address>
         <size>0x8</size>
         <input_file_ref idref="fl-3d"/>
      </object_component>
      <object_component id="oc-316">
         <name>.text:memcpy</name>
         <load_address>0x19cc</load_address>
         <run_address>0x19cc</run_address>
         <size>0x12</size>
         <input_file_ref idref="fl-3e"/>
      </object_component>
      <object_component id="oc-36c">
         <name>.text:__mpu_init</name>
         <load_address>0xaca</load_address>
         <run_address>0xaca</run_address>
         <size>0x1e</size>
         <input_file_ref idref="fl-3f"/>
      </object_component>
      <object_component id="oc-713">
         <name>.text</name>
         <load_address>0x19a6</load_address>
         <run_address>0x19a6</run_address>
         <size>0x14</size>
         <input_file_ref idref="fl-41"/>
      </object_component>
      <object_component id="oc-353">
         <name>.text:_system_pre_init</name>
         <load_address>0x1a0e</load_address>
         <run_address>0x1a0e</run_address>
         <size>0x4</size>
         <input_file_ref idref="fl-45"/>
      </object_component>
      <object_component id="oc-359">
         <name>.text:_auto_init_hold_wdt</name>
         <load_address>0x8b0</load_address>
         <run_address>0x8b0</run_address>
         <size>0x7e</size>
         <input_file_ref idref="fl-48"/>
      </object_component>
      <object_component id="oc-3b3">
         <name>.text:copy_in</name>
         <load_address>0x99c</load_address>
         <run_address>0x99c</run_address>
         <size>0x58</size>
         <input_file_ref idref="fl-49"/>
      </object_component>
      <object_component id="oc-3b9">
         <name>.text:_system_post_cinit</name>
         <load_address>0xa46</load_address>
         <run_address>0xa46</run_address>
         <size>0x2</size>
         <input_file_ref idref="fl-4b"/>
      </object_component>
      <object_component id="oc-3a6">
         <name>.common:rtc_seconds</name>
         <uninitialized>true</uninitialized>
         <run_address>0x1c13</run_address>
         <size>0x1</size>
      </object_component>
      <object_component id="oc-3a7">
         <name>.common:rtc_minutes</name>
         <uninitialized>true</uninitialized>
         <run_address>0x1c12</run_address>
         <size>0x1</size>
      </object_component>
      <object_component id="oc-3a8">
         <name>.common:rtc_hours</name>
         <uninitialized>true</uninitialized>
         <run_address>0x1c11</run_address>
         <size>0x1</size>
      </object_component>
      <object_component id="oc-39d">
         <name>.common:set_new_time</name>
         <uninitialized>true</uninitialized>
         <run_address>0x1c0c</run_address>
         <size>0x2</size>
      </object_component>
      <object_component id="oc-3a0">
         <name>.common:disp_seconds</name>
         <uninitialized>true</uninitialized>
         <run_address>0x1c10</run_address>
         <size>0x1</size>
      </object_component>
      <object_component id="oc-3a1">
         <name>.common:disp_minutes</name>
         <uninitialized>true</uninitialized>
         <run_address>0x1c0f</run_address>
         <size>0x1</size>
      </object_component>
      <object_component id="oc-3a2">
         <name>.common:disp_hours</name>
         <uninitialized>true</uninitialized>
         <run_address>0x1c0e</run_address>
         <size>0x1</size>
      </object_component>
      <object_component id="oc-3a3">
         <name>.data</name>
         <load_address>0x1c00</load_address>
         <run_address>0x1c00</run_address>
         <size>0xb</size>
         <input_file_ref idref="fl-3"/>
      </object_component>
      <object_component id="oc-307">
         <name>.stack</name>
         <uninitialized>true</uninitialized>
         <run_address>0x1f60</run_address>
         <size>0x2</size>
         <input_file_ref idref="fl-24"/>
      </object_component>
      <object_component id="oc-839">
         <name>.stack</name>
         <uninitialized>true</uninitialized>
         <run_address>0x1f60</run_address>
         <size>0x0</size>
      </object_component>
      <object_component id="oc-7a">
         <name>.int31</name>
         <load_address>0xffce</load_address>
         <run_address>0xffce</run_address>
         <size>0x2</size>
         <input_file_ref idref="fl-3"/>
      </object_component>
      <object_component id="oc-7b">
         <name>.int32</name>
         <load_address>0xffd0</load_address>
         <run_address>0xffd0</run_address>
         <size>0x2</size>
         <input_file_ref idref="fl-2b"/>
      </object_component>
      <object_component id="oc-7c">
         <name>.int33</name>
         <load_address>0xffd2</load_address>
         <run_address>0xffd2</run_address>
         <size>0x2</size>
         <input_file_ref idref="fl-2c"/>
      </object_component>
      <object_component id="oc-7d">
         <name>.int34</name>
         <load_address>0xffd4</load_address>
         <run_address>0xffd4</run_address>
         <size>0x2</size>
         <input_file_ref idref="fl-2d"/>
      </object_component>
      <object_component id="oc-7e">
         <name>.int35</name>
         <load_address>0xffd6</load_address>
         <run_address>0xffd6</run_address>
         <size>0x2</size>
         <input_file_ref idref="fl-2e"/>
      </object_component>
      <object_component id="oc-7f">
         <name>.int36</name>
         <load_address>0xffd8</load_address>
         <run_address>0xffd8</run_address>
         <size>0x2</size>
         <input_file_ref idref="fl-3"/>
      </object_component>
      <object_component id="oc-80">
         <name>.int37</name>
         <load_address>0xffda</load_address>
         <run_address>0xffda</run_address>
         <size>0x2</size>
         <input_file_ref idref="fl-2f"/>
      </object_component>
      <object_component id="oc-81">
         <name>.int38</name>
         <load_address>0xffdc</load_address>
         <run_address>0xffdc</run_address>
         <size>0x2</size>
         <input_file_ref idref="fl-3"/>
      </object_component>
      <object_component id="oc-82">
         <name>.int39</name>
         <load_address>0xffde</load_address>
         <run_address>0xffde</run_address>
         <size>0x2</size>
         <input_file_ref idref="fl-3"/>
      </object_component>
      <object_component id="oc-83">
         <name>.int40</name>
         <load_address>0xffe0</load_address>
         <run_address>0xffe0</run_address>
         <size>0x2</size>
         <input_file_ref idref="fl-3"/>
      </object_component>
      <object_component id="oc-84">
         <name>.int41</name>
         <load_address>0xffe2</load_address>
         <run_address>0xffe2</run_address>
         <size>0x2</size>
         <input_file_ref idref="fl-3"/>
      </object_component>
      <object_component id="oc-85">
         <name>.int42</name>
         <load_address>0xffe4</load_address>
         <run_address>0xffe4</run_address>
         <size>0x2</size>
         <input_file_ref idref="fl-30"/>
      </object_component>
      <object_component id="oc-86">
         <name>.int43</name>
         <load_address>0xffe6</load_address>
         <run_address>0xffe6</run_address>
         <size>0x2</size>
         <input_file_ref idref="fl-31"/>
      </object_component>
      <object_component id="oc-87">
         <name>.int44</name>
         <load_address>0xffe8</load_address>
         <run_address>0xffe8</run_address>
         <size>0x2</size>
         <input_file_ref idref="fl-32"/>
      </object_component>
      <object_component id="oc-88">
         <name>.int45</name>
         <load_address>0xffea</load_address>
         <run_address>0xffea</run_address>
         <size>0x2</size>
         <input_file_ref idref="fl-33"/>
      </object_component>
      <object_component id="oc-89">
         <name>.int46</name>
         <load_address>0xffec</load_address>
         <run_address>0xffec</run_address>
         <size>0x2</size>
         <input_file_ref idref="fl-34"/>
      </object_component>
      <object_component id="oc-8a">
         <name>.int47</name>
         <load_address>0xffee</load_address>
         <run_address>0xffee</run_address>
         <size>0x2</size>
         <input_file_ref idref="fl-35"/>
      </object_component>
      <object_component id="oc-8b">
         <name>.int48</name>
         <load_address>0xfff0</load_address>
         <run_address>0xfff0</run_address>
         <size>0x2</size>
         <input_file_ref idref="fl-36"/>
      </object_component>
      <object_component id="oc-8c">
         <name>.int49</name>
         <load_address>0xfff2</load_address>
         <run_address>0xfff2</run_address>
         <size>0x2</size>
         <input_file_ref idref="fl-37"/>
      </object_component>
      <object_component id="oc-8d">
         <name>.int50</name>
         <load_address>0xfff4</load_address>
         <run_address>0xfff4</run_address>
         <size>0x2</size>
         <input_file_ref idref="fl-38"/>
      </object_component>
      <object_component id="oc-8e">
         <name>.int51</name>
         <load_address>0xfff6</load_address>
         <run_address>0xfff6</run_address>
         <size>0x2</size>
         <input_file_ref idref="fl-39"/>
      </object_component>
      <object_component id="oc-8f">
         <name>.int52</name>
         <load_address>0xfff8</load_address>
         <run_address>0xfff8</run_address>
         <size>0x2</size>
         <input_file_ref idref="fl-3a"/>
      </object_component>
      <object_component id="oc-90">
         <name>.int53</name>
         <load_address>0xfffa</load_address>
         <run_address>0xfffa</run_address>
         <size>0x2</size>
         <input_file_ref idref="fl-3b"/>
      </object_component>
      <object_component id="oc-91">
         <name>.int54</name>
         <load_address>0xfffc</load_address>
         <run_address>0xfffc</run_address>
         <size>0x2</size>
         <input_file_ref idref="fl-3c"/>
      </object_component>
      <object_component id="oc-30a">
         <name>.reset</name>
         <load_address>0xfffe</load_address>
         <run_address>0xfffe</run_address>
         <size>0x2</size>
         <input_file_ref idref="fl-24"/>
      </object_component>
      <object_component id="oc-549">
         <name>.debug_info</name>
         <load_address>0x0</load_address>
         <run_address>0x0</run_address>
         <size>0x12c</size>
         <input_file_ref idref="fl-2"/>
      </object_component>
      <object_component id="oc-6b1">
         <name>.debug_info</name>
         <load_address>0x12c</load_address>
         <run_address>0x12c</run_address>
         <size>0x12f</size>
         <input_file_ref idref="fl-2"/>
      </object_component>
      <object_component id="oc-6f9">
         <name>.debug_info</name>
         <load_address>0x25b</load_address>
         <run_address>0x25b</run_address>
         <size>0x12b</size>
         <input_file_ref idref="fl-2"/>
      </object_component>
      <object_component id="oc-53d">
         <name>.debug_info</name>
         <load_address>0x386</load_address>
         <run_address>0x386</run_address>
         <size>0x12a</size>
         <input_file_ref idref="fl-2"/>
      </object_component>
      <object_component id="oc-6a5">
         <name>.debug_info</name>
         <load_address>0x4b0</load_address>
         <run_address>0x4b0</run_address>
         <size>0x12d</size>
         <input_file_ref idref="fl-2"/>
      </object_component>
      <object_component id="oc-6ed">
         <name>.debug_info</name>
         <load_address>0x5dd</load_address>
         <run_address>0x5dd</run_address>
         <size>0x129</size>
         <input_file_ref idref="fl-2"/>
      </object_component>
      <object_component id="oc-4c5">
         <name>.debug_info</name>
         <load_address>0x706</load_address>
         <run_address>0x706</run_address>
         <size>0x139</size>
         <input_file_ref idref="fl-2"/>
      </object_component>
      <object_component id="oc-62d">
         <name>.debug_info</name>
         <load_address>0x83f</load_address>
         <run_address>0x83f</run_address>
         <size>0x139</size>
         <input_file_ref idref="fl-2"/>
      </object_component>
      <object_component id="oc-4bf">
         <name>.debug_info</name>
         <load_address>0x978</load_address>
         <run_address>0x978</run_address>
         <size>0x13d</size>
         <input_file_ref idref="fl-2"/>
      </object_component>
      <object_component id="oc-627">
         <name>.debug_info</name>
         <load_address>0xab5</load_address>
         <run_address>0xab5</run_address>
         <size>0x13d</size>
         <input_file_ref idref="fl-2"/>
      </object_component>
      <object_component id="oc-4ad">
         <name>.debug_info</name>
         <load_address>0xbf2</load_address>
         <run_address>0xbf2</run_address>
         <size>0x139</size>
         <input_file_ref idref="fl-2"/>
      </object_component>
      <object_component id="oc-615">
         <name>.debug_info</name>
         <load_address>0xd2b</load_address>
         <run_address>0xd2b</run_address>
         <size>0x139</size>
         <input_file_ref idref="fl-2"/>
      </object_component>
      <object_component id="oc-4a7">
         <name>.debug_info</name>
         <load_address>0xe64</load_address>
         <run_address>0xe64</run_address>
         <size>0x13d</size>
         <input_file_ref idref="fl-2"/>
      </object_component>
      <object_component id="oc-60f">
         <name>.debug_info</name>
         <load_address>0xfa1</load_address>
         <run_address>0xfa1</run_address>
         <size>0x13d</size>
         <input_file_ref idref="fl-2"/>
      </object_component>
      <object_component id="oc-4cb">
         <name>.debug_info</name>
         <load_address>0x10de</load_address>
         <run_address>0x10de</run_address>
         <size>0x139</size>
         <input_file_ref idref="fl-2"/>
      </object_component>
      <object_component id="oc-633">
         <name>.debug_info</name>
         <load_address>0x1217</load_address>
         <run_address>0x1217</run_address>
         <size>0x139</size>
         <input_file_ref idref="fl-2"/>
      </object_component>
      <object_component id="oc-49b">
         <name>.debug_info</name>
         <load_address>0x1350</load_address>
         <run_address>0x1350</run_address>
         <size>0x13b</size>
         <input_file_ref idref="fl-2"/>
      </object_component>
      <object_component id="oc-603">
         <name>.debug_info</name>
         <load_address>0x148b</load_address>
         <run_address>0x148b</run_address>
         <size>0x13b</size>
         <input_file_ref idref="fl-2"/>
      </object_component>
      <object_component id="oc-4b9">
         <name>.debug_info</name>
         <load_address>0x15c6</load_address>
         <run_address>0x15c6</run_address>
         <size>0x13b</size>
         <input_file_ref idref="fl-2"/>
      </object_component>
      <object_component id="oc-621">
         <name>.debug_info</name>
         <load_address>0x1701</load_address>
         <run_address>0x1701</run_address>
         <size>0x13b</size>
         <input_file_ref idref="fl-2"/>
      </object_component>
      <object_component id="oc-4b3">
         <name>.debug_info</name>
         <load_address>0x183c</load_address>
         <run_address>0x183c</run_address>
         <size>0x13b</size>
         <input_file_ref idref="fl-2"/>
      </object_component>
      <object_component id="oc-61b">
         <name>.debug_info</name>
         <load_address>0x1977</load_address>
         <run_address>0x1977</run_address>
         <size>0x13b</size>
         <input_file_ref idref="fl-2"/>
      </object_component>
      <object_component id="oc-4a1">
         <name>.debug_info</name>
         <load_address>0x1ab2</load_address>
         <run_address>0x1ab2</run_address>
         <size>0x13d</size>
         <input_file_ref idref="fl-2"/>
      </object_component>
      <object_component id="oc-609">
         <name>.debug_info</name>
         <load_address>0x1bef</load_address>
         <run_address>0x1bef</run_address>
         <size>0x13d</size>
         <input_file_ref idref="fl-2"/>
      </object_component>
      <object_component id="oc-4d1">
         <name>.debug_info</name>
         <load_address>0x1d2c</load_address>
         <run_address>0x1d2c</run_address>
         <size>0x133</size>
         <input_file_ref idref="fl-2"/>
      </object_component>
      <object_component id="oc-639">
         <name>.debug_info</name>
         <load_address>0x1e5f</load_address>
         <run_address>0x1e5f</run_address>
         <size>0x133</size>
         <input_file_ref idref="fl-2"/>
      </object_component>
      <object_component id="oc-501">
         <name>.debug_info</name>
         <load_address>0x1f92</load_address>
         <run_address>0x1f92</run_address>
         <size>0x133</size>
         <input_file_ref idref="fl-2"/>
      </object_component>
      <object_component id="oc-669">
         <name>.debug_info</name>
         <load_address>0x20c5</load_address>
         <run_address>0x20c5</run_address>
         <size>0x133</size>
         <input_file_ref idref="fl-2"/>
      </object_component>
      <object_component id="oc-537">
         <name>.debug_info</name>
         <load_address>0x21f8</load_address>
         <run_address>0x21f8</run_address>
         <size>0x12e</size>
         <input_file_ref idref="fl-2"/>
      </object_component>
      <object_component id="oc-69f">
         <name>.debug_info</name>
         <load_address>0x2326</load_address>
         <run_address>0x2326</run_address>
         <size>0x131</size>
         <input_file_ref idref="fl-2"/>
      </object_component>
      <object_component id="oc-6e7">
         <name>.debug_info</name>
         <load_address>0x2457</load_address>
         <run_address>0x2457</run_address>
         <size>0x12d</size>
         <input_file_ref idref="fl-2"/>
      </object_component>
      <object_component id="oc-489">
         <name>.debug_info</name>
         <load_address>0x2584</load_address>
         <run_address>0x2584</run_address>
         <size>0x139</size>
         <input_file_ref idref="fl-2"/>
      </object_component>
      <object_component id="oc-5f1">
         <name>.debug_info</name>
         <load_address>0x26bd</load_address>
         <run_address>0x26bd</run_address>
         <size>0x139</size>
         <input_file_ref idref="fl-2"/>
      </object_component>
      <object_component id="oc-483">
         <name>.debug_info</name>
         <load_address>0x27f6</load_address>
         <run_address>0x27f6</run_address>
         <size>0x13d</size>
         <input_file_ref idref="fl-2"/>
      </object_component>
      <object_component id="oc-5eb">
         <name>.debug_info</name>
         <load_address>0x2933</load_address>
         <run_address>0x2933</run_address>
         <size>0x13d</size>
         <input_file_ref idref="fl-2"/>
      </object_component>
      <object_component id="oc-471">
         <name>.debug_info</name>
         <load_address>0x2a70</load_address>
         <run_address>0x2a70</run_address>
         <size>0x139</size>
         <input_file_ref idref="fl-2"/>
      </object_component>
      <object_component id="oc-5d9">
         <name>.debug_info</name>
         <load_address>0x2ba9</load_address>
         <run_address>0x2ba9</run_address>
         <size>0x139</size>
         <input_file_ref idref="fl-2"/>
      </object_component>
      <object_component id="oc-46b">
         <name>.debug_info</name>
         <load_address>0x2ce2</load_address>
         <run_address>0x2ce2</run_address>
         <size>0x13d</size>
         <input_file_ref idref="fl-2"/>
      </object_component>
      <object_component id="oc-5d3">
         <name>.debug_info</name>
         <load_address>0x2e1f</load_address>
         <run_address>0x2e1f</run_address>
         <size>0x13d</size>
         <input_file_ref idref="fl-2"/>
      </object_component>
      <object_component id="oc-48f">
         <name>.debug_info</name>
         <load_address>0x2f5c</load_address>
         <run_address>0x2f5c</run_address>
         <size>0x139</size>
         <input_file_ref idref="fl-2"/>
      </object_component>
      <object_component id="oc-5f7">
         <name>.debug_info</name>
         <load_address>0x3095</load_address>
         <run_address>0x3095</run_address>
         <size>0x139</size>
         <input_file_ref idref="fl-2"/>
      </object_component>
      <object_component id="oc-45f">
         <name>.debug_info</name>
         <load_address>0x31ce</load_address>
         <run_address>0x31ce</run_address>
         <size>0x13b</size>
         <input_file_ref idref="fl-2"/>
      </object_component>
      <object_component id="oc-5c7">
         <name>.debug_info</name>
         <load_address>0x3309</load_address>
         <run_address>0x3309</run_address>
         <size>0x13b</size>
         <input_file_ref idref="fl-2"/>
      </object_component>
      <object_component id="oc-47d">
         <name>.debug_info</name>
         <load_address>0x3444</load_address>
         <run_address>0x3444</run_address>
         <size>0x13b</size>
         <input_file_ref idref="fl-2"/>
      </object_component>
      <object_component id="oc-5e5">
         <name>.debug_info</name>
         <load_address>0x357f</load_address>
         <run_address>0x357f</run_address>
         <size>0x13b</size>
         <input_file_ref idref="fl-2"/>
      </object_component>
      <object_component id="oc-477">
         <name>.debug_info</name>
         <load_address>0x36ba</load_address>
         <run_address>0x36ba</run_address>
         <size>0x13b</size>
         <input_file_ref idref="fl-2"/>
      </object_component>
      <object_component id="oc-5df">
         <name>.debug_info</name>
         <load_address>0x37f5</load_address>
         <run_address>0x37f5</run_address>
         <size>0x13b</size>
         <input_file_ref idref="fl-2"/>
      </object_component>
      <object_component id="oc-465">
         <name>.debug_info</name>
         <load_address>0x3930</load_address>
         <run_address>0x3930</run_address>
         <size>0x13d</size>
         <input_file_ref idref="fl-2"/>
      </object_component>
      <object_component id="oc-5cd">
         <name>.debug_info</name>
         <load_address>0x3a6d</load_address>
         <run_address>0x3a6d</run_address>
         <size>0x13d</size>
         <input_file_ref idref="fl-2"/>
      </object_component>
      <object_component id="oc-495">
         <name>.debug_info</name>
         <load_address>0x3baa</load_address>
         <run_address>0x3baa</run_address>
         <size>0x133</size>
         <input_file_ref idref="fl-2"/>
      </object_component>
      <object_component id="oc-5fd">
         <name>.debug_info</name>
         <load_address>0x3cdd</load_address>
         <run_address>0x3cdd</run_address>
         <size>0x133</size>
         <input_file_ref idref="fl-2"/>
      </object_component>
      <object_component id="oc-4fb">
         <name>.debug_info</name>
         <load_address>0x3e10</load_address>
         <run_address>0x3e10</run_address>
         <size>0x137</size>
         <input_file_ref idref="fl-2"/>
      </object_component>
      <object_component id="oc-663">
         <name>.debug_info</name>
         <load_address>0x3f47</load_address>
         <run_address>0x3f47</run_address>
         <size>0x137</size>
         <input_file_ref idref="fl-2"/>
      </object_component>
      <object_component id="oc-50d">
         <name>.debug_info</name>
         <load_address>0x407e</load_address>
         <run_address>0x407e</run_address>
         <size>0x12d</size>
         <input_file_ref idref="fl-2"/>
      </object_component>
      <object_component id="oc-675">
         <name>.debug_info</name>
         <load_address>0x41ab</load_address>
         <run_address>0x41ab</run_address>
         <size>0x12d</size>
         <input_file_ref idref="fl-2"/>
      </object_component>
      <object_component id="oc-6bd">
         <name>.debug_info</name>
         <load_address>0x42d8</load_address>
         <run_address>0x42d8</run_address>
         <size>0x129</size>
         <input_file_ref idref="fl-2"/>
      </object_component>
      <object_component id="oc-4e9">
         <name>.debug_info</name>
         <load_address>0x4401</load_address>
         <run_address>0x4401</run_address>
         <size>0x135</size>
         <input_file_ref idref="fl-2"/>
      </object_component>
      <object_component id="oc-651">
         <name>.debug_info</name>
         <load_address>0x4536</load_address>
         <run_address>0x4536</run_address>
         <size>0x135</size>
         <input_file_ref idref="fl-2"/>
      </object_component>
      <object_component id="oc-525">
         <name>.debug_info</name>
         <load_address>0x466b</load_address>
         <run_address>0x466b</run_address>
         <size>0x12d</size>
         <input_file_ref idref="fl-2"/>
      </object_component>
      <object_component id="oc-68d">
         <name>.debug_info</name>
         <load_address>0x4798</load_address>
         <run_address>0x4798</run_address>
         <size>0x12d</size>
         <input_file_ref idref="fl-2"/>
      </object_component>
      <object_component id="oc-6d5">
         <name>.debug_info</name>
         <load_address>0x48c5</load_address>
         <run_address>0x48c5</run_address>
         <size>0x129</size>
         <input_file_ref idref="fl-2"/>
      </object_component>
      <object_component id="oc-4e3">
         <name>.debug_info</name>
         <load_address>0x49ee</load_address>
         <run_address>0x49ee</run_address>
         <size>0x139</size>
         <input_file_ref idref="fl-2"/>
      </object_component>
      <object_component id="oc-64b">
         <name>.debug_info</name>
         <load_address>0x4b27</load_address>
         <run_address>0x4b27</run_address>
         <size>0x139</size>
         <input_file_ref idref="fl-2"/>
      </object_component>
      <object_component id="oc-51f">
         <name>.debug_info</name>
         <load_address>0x4c60</load_address>
         <run_address>0x4c60</run_address>
         <size>0x131</size>
         <input_file_ref idref="fl-2"/>
      </object_component>
      <object_component id="oc-687">
         <name>.debug_info</name>
         <load_address>0x4d91</load_address>
         <run_address>0x4d91</run_address>
         <size>0x131</size>
         <input_file_ref idref="fl-2"/>
      </object_component>
      <object_component id="oc-6cf">
         <name>.debug_info</name>
         <load_address>0x4ec2</load_address>
         <run_address>0x4ec2</run_address>
         <size>0x12d</size>
         <input_file_ref idref="fl-2"/>
      </object_component>
      <object_component id="oc-3e1">
         <name>.debug_info</name>
         <load_address>0x4fef</load_address>
         <run_address>0x4fef</run_address>
         <size>0x128</size>
         <input_file_ref idref="fl-2"/>
      </object_component>
      <object_component id="oc-6ff">
         <name>.debug_info</name>
         <load_address>0x5117</load_address>
         <run_address>0x5117</run_address>
         <size>0x11e</size>
         <input_file_ref idref="fl-2"/>
      </object_component>
      <object_component id="oc-543">
         <name>.debug_info</name>
         <load_address>0x5235</load_address>
         <run_address>0x5235</run_address>
         <size>0x12a</size>
         <input_file_ref idref="fl-2"/>
      </object_component>
      <object_component id="oc-6ab">
         <name>.debug_info</name>
         <load_address>0x535f</load_address>
         <run_address>0x535f</run_address>
         <size>0x12d</size>
         <input_file_ref idref="fl-2"/>
      </object_component>
      <object_component id="oc-6f3">
         <name>.debug_info</name>
         <load_address>0x548c</load_address>
         <run_address>0x548c</run_address>
         <size>0x129</size>
         <input_file_ref idref="fl-2"/>
      </object_component>
      <object_component id="oc-4d7">
         <name>.debug_info</name>
         <load_address>0x55b5</load_address>
         <run_address>0x55b5</run_address>
         <size>0x137</size>
         <input_file_ref idref="fl-2"/>
      </object_component>
      <object_component id="oc-63f">
         <name>.debug_info</name>
         <load_address>0x56ec</load_address>
         <run_address>0x56ec</run_address>
         <size>0x137</size>
         <input_file_ref idref="fl-2"/>
      </object_component>
      <object_component id="oc-513">
         <name>.debug_info</name>
         <load_address>0x5823</load_address>
         <run_address>0x5823</run_address>
         <size>0x12f</size>
         <input_file_ref idref="fl-2"/>
      </object_component>
      <object_component id="oc-67b">
         <name>.debug_info</name>
         <load_address>0x5952</load_address>
         <run_address>0x5952</run_address>
         <size>0x12f</size>
         <input_file_ref idref="fl-2"/>
      </object_component>
      <object_component id="oc-6c3">
         <name>.debug_info</name>
         <load_address>0x5a81</load_address>
         <run_address>0x5a81</run_address>
         <size>0x12b</size>
         <input_file_ref idref="fl-2"/>
      </object_component>
      <object_component id="oc-4f5">
         <name>.debug_info</name>
         <load_address>0x5bac</load_address>
         <run_address>0x5bac</run_address>
         <size>0x137</size>
         <input_file_ref idref="fl-2"/>
      </object_component>
      <object_component id="oc-65d">
         <name>.debug_info</name>
[...]
      </symbol>
      <symbol id="sm-68c">
         <name>four_hours</name>
         <value>0x102c</value>
         <object_component_ref idref="oc-6e0"/>
      </symbol>
      <symbol id="sm-68d">
         <name>reset_leds</name>
         <value>0x1198</value>
         <object_component_ref idref="oc-3e0"/>
      </symbol>
      <symbol id="sm-68e">
         <name>thirty_minutes</name>
         <value>0x1358</value>
         <object_component_ref idref="oc-5fc"/>
      </symbol>
      <symbol id="sm-68f">
         <name>fiftyfive_seconds</name>
         <value>0xc74</value>
         <object_component_ref idref="oc-3fe"/>
      </symbol>
      <symbol id="sm-690">
         <name>fiftyfive_minutes</name>
         <value>0x18d0</value>
         <object_component_ref idref="oc-566"/>
      </symbol>
      <symbol id="sm-691">
         <name>thirty_seconds</name>
         <value>0x1374</value>
         <object_component_ref idref="oc-494"/>
      </symbol>
      <symbol id="sm-692">
         <name>twentynine_seconds</name>
         <value>0x1710</value>
         <object_component_ref idref="oc-49a"/>
      </symbol>
      <symbol id="sm-693">
         <name>fiftyeight_seconds</name>
         <value>0xc58</value>
         <object_component_ref idref="oc-3ec"/>
      </symbol>
      <symbol id="sm-694">
         <name>fortyeight_minutes</name>
         <value>0xe34</value>
         <object_component_ref idref="oc-590"/>
      </symbol>
      <symbol id="sm-695">
         <name>twentytwo_seconds</name>
         <value>0x1828</value>
         <object_component_ref idref="oc-4c4"/>
      </symbol>
      <symbol id="sm-696">
         <name>nine_seconds</name>
         <value>0x10f0</value>
         <object_component_ref idref="oc-512"/>
      </symbol>
      <symbol id="sm-697">
         <name>nine_hours</name>
         <value>0x10b8</value>
         <object_component_ref idref="oc-6c2"/>
      </symbol>
      <symbol id="sm-698">
         <name>forty_minutes</name>
         <value>0xdfc</value>
         <object_component_ref idref="oc-5c0"/>
      </symbol>
      <symbol id="sm-699">
         <name>three_hours</name>
         <value>0x1588</value>
         <object_component_ref idref="oc-6e6"/>
      </symbol>
      <symbol id="sm-69a">
         <name>ten_hours</name>
         <value>0x12cc</value>
         <object_component_ref idref="oc-6bc"/>
      </symbol>
      <symbol id="sm-69b">
         <name>thirtytwo_minutes</name>
         <value>0x1550</value>
         <object_component_ref idref="oc-5f0"/>
      </symbol>
      <symbol id="sm-69c">
         <name>fiftyfour_seconds</name>
         <value>0xc90</value>
         <object_component_ref idref="oc-404"/>
      </symbol>
      <symbol id="sm-69d">
         <name>twentyseven_minutes</name>
         <value>0x1764</value>
         <object_component_ref idref="oc-60e"/>
      </symbol>
      <symbol id="sm-69e">
         <name>six_seconds</name>
         <value>0x1278</value>
         <object_component_ref idref="oc-524"/>
      </symbol>
      <symbol id="sm-69f">
         <name>twelve_minutes</name>
         <value>0x15dc</value>
         <object_component_ref idref="oc-668"/>
      </symbol>
      <symbol id="sm-6a0">
         <name>eighteen_seconds</name>
         <value>0xb78</value>
         <object_component_ref idref="oc-4dc"/>
      </symbol>
      <symbol id="sm-6a1">
         <name>nineteen_seconds</name>
         <value>0x1128</value>
         <object_component_ref idref="oc-4d6"/>
      </symbol>
      <symbol id="sm-6a2">
         <name>eighteen_minutes</name>
         <value>0xb5c</value>
         <object_component_ref idref="oc-644"/>
      </symbol>
      <symbol id="sm-6a3">
         <name>ten_seconds</name>
         <value>0x1304</value>
         <object_component_ref idref="oc-50c"/>
      </symbol>
      <symbol id="sm-6a4">
         <name>twelve_seconds</name>
         <value>0x15f8</value>
         <object_component_ref idref="oc-500"/>
      </symbol>
      <symbol id="sm-6a5">
         <name>fortyone_minutes</name>
         <value>0xf14</value>
         <object_component_ref idref="oc-5ba"/>
      </symbol>
      <symbol id="sm-6a6">
         <name>zero_seconds</name>
         <value>0x1898</value>
         <object_component_ref idref="oc-548"/>
      </symbol>
      <symbol id="sm-6a7">
         <name>thirtysix_minutes</name>
         <value>0x14e0</value>
         <object_component_ref idref="oc-5d8"/>
      </symbol>
      <symbol id="sm-6a8">
         <name>five_seconds</name>
         <value>0xde0</value>
         <object_component_ref idref="oc-52a"/>
      </symbol>
      <symbol id="sm-6a9">
         <name>fiftyone_minutes</name>
         <value>0x1924</value>
         <object_component_ref idref="oc-57e"/>
      </symbol>
      <symbol id="sm-6aa">
         <name>seventeen_minutes</name>
         <value>0x1208</value>
         <object_component_ref idref="oc-64a"/>
      </symbol>
      <symbol id="sm-6ab">
         <name>thirtythree_minutes</name>
         <value>0x1518</value>
         <object_component_ref idref="oc-5ea"/>
      </symbol>
      <symbol id="sm-6ac">
         <name>fiftyseven_seconds</name>
         <value>0xd00</value>
         <object_component_ref idref="oc-3f2"/>
      </symbol>
      <symbol id="sm-6ad">
         <name>zero_hours</name>
         <value>0x187c</value>
         <object_component_ref idref="oc-6f8"/>
      </symbol>
      <symbol id="sm-6ae">
         <name>fifteen_seconds</name>
         <value>0xc04</value>
         <object_component_ref idref="oc-4ee"/>
      </symbol>
      <symbol id="sm-6af">
         <name>fortysix_seconds</name>
         <value>0xfa0</value>
         <object_component_ref idref="oc-434"/>
      </symbol>
      <symbol id="sm-6b0">
         <name>twenty_seconds</name>
         <value>0x1630</value>
         <object_component_ref idref="oc-4d0"/>
      </symbol>
      <symbol id="sm-6b1">
         <name>fiftythree_minutes</name>
         <value>0xd54</value>
         <object_component_ref idref="oc-572"/>
      </symbol>
      <symbol id="sm-6b2">
         <name>fiftysix_seconds</name>
         <value>0xd38</value>
         <object_component_ref idref="oc-3f8"/>
      </symbol>
      <symbol id="sm-6b3">
         <name>thirtyone_seconds</name>
         <value>0x148c</value>
         <object_component_ref idref="oc-48e"/>
      </symbol>
      <symbol id="sm-6b4">
         <name>fortyeight_seconds</name>
         <value>0xe50</value>
         <object_component_ref idref="oc-428"/>
      </symbol>
      <symbol id="sm-6b5">
         <name>fiftyeight_minutes</name>
         <value>0x18b4</value>
         <object_component_ref idref="oc-554"/>
      </symbol>
      <symbol id="sm-6b6">
         <name>thirtyeight_seconds</name>
         <value>0x13ac</value>
         <object_component_ref idref="oc-464"/>
      </symbol>
      <symbol id="sm-6b7">
         <name>twentyone_seconds</name>
         <value>0x1748</value>
         <object_component_ref idref="oc-4ca"/>
      </symbol>
      <symbol id="sm-6b8">
         <name>fourteen_minutes</name>
         <value>0x1080</value>
         <object_component_ref idref="oc-65c"/>
      </symbol>
      <symbol id="sm-6b9">
         <name>six_minutes</name>
         <value>0x125c</value>
         <object_component_ref idref="oc-68c"/>
      </symbol>
      <symbol id="sm-6ba">
         <name>fiftyfour_minutes</name>
         <value>0x18ec</value>
         <object_component_ref idref="oc-56c"/>
      </symbol>
      <symbol id="sm-6bb">
         <name>twentyone_minutes</name>
         <value>0x172c</value>
         <object_component_ref idref="oc-632"/>
      </symbol>
      <symbol id="sm-6bc">
         <name>thirtynine_seconds</name>
         <value>0x1454</value>
         <object_component_ref idref="oc-45e"/>
      </symbol>
      <symbol id="sm-6bd">
         <name>thirteen_seconds</name>
         <value>0x133c</value>
         <object_component_ref idref="oc-4fa"/>
      </symbol>
      <symbol id="sm-6be">
         <name>pm_on</name>
         <value>0x1a00</value>
         <object_component_ref idref="oc-6fe"/>
      </symbol>
      <symbol id="sm-6bf">
         <name>thirtyone_minutes</name>
         <value>0x1470</value>
         <object_component_ref idref="oc-5f6"/>
      </symbol>
      <symbol id="sm-6c0">
         <name>eleven_seconds</name>
         <value>0xbcc</value>
         <object_component_ref idref="oc-506"/>
      </symbol>
      <symbol id="sm-6c1">
         <name>fortyone_seconds</name>
         <value>0xf30</value>
         <object_component_ref idref="oc-452"/>
      </symbol>
      <symbol id="sm-6c2">
         <name>fortyseven_seconds</name>
         <value>0xf68</value>
         <object_component_ref idref="oc-42e"/>
      </symbol>
      <symbol id="sm-6c3">
         <name>sixteen_minutes</name>
         <value>0x1294</value>
         <object_component_ref idref="oc-650"/>
      </symbol>
      <symbol id="sm-6c4">
         <name>twentyfour_minutes</name>
         <value>0x16bc</value>
         <object_component_ref idref="oc-620"/>
      </symbol>
      <symbol id="sm-6c5">
         <name>two_minutes</name>
         <value>0x195c</value>
         <object_component_ref idref="oc-6a4"/>
      </symbol>
      <symbol id="sm-6c6">
         <name>fortythree_seconds</name>
         <value>0xfd8</value>
         <object_component_ref idref="oc-446"/>
      </symbol>
      <symbol id="sm-6c7">
         <name>thirtyfive_seconds</name>
         <value>0x13e4</value>
         <object_component_ref idref="oc-476"/>
      </symbol>
      <symbol id="sm-6c8">
         <name>thirtythree_seconds</name>
         <value>0x1534</value>
         <object_component_ref idref="oc-482"/>
      </symbol>
      <symbol id="sm-6c9">
         <name>twenty_minutes</name>
         <value>0x1614</value>
         <object_component_ref idref="oc-638"/>
      </symbol>
      <symbol id="sm-7cc">
         <name>rtc_seconds</name>
         <value>0x1c13</value>
      </symbol>
      <symbol id="sm-7cd">
         <name>rtc_minutes</name>
         <value>0x1c12</value>
      </symbol>
      <symbol id="sm-7ce">
         <name>rtc_hours</name>
         <value>0x1c11</value>
      </symbol>
      <symbol id="sm-7cf">
         <name>set_new_time</name>
         <value>0x1c0c</value>
      </symbol>
      <symbol id="sm-7d0">
         <name>disp_seconds</name>
         <value>0x1c10</value>
      </symbol>
      <symbol id="sm-7d1">
         <name>disp_minutes</name>
         <value>0x1c0f</value>
      </symbol>
      <symbol id="sm-7d2">
         <name>disp_hours</name>
         <value>0x1c0e</value>
      </symbol>
      <symbol id="sm-7d3">
         <name>__TI_int38</name>
         <value>0xffdc</value>
         <object_component_ref idref="oc-81"/>
      </symbol>
      <symbol id="sm-7d4">
         <name>__TI_int39</name>
         <value>0xffde</value>
         <object_component_ref idref="oc-82"/>
      </symbol>
      <symbol id="sm-7d5">
         <name>__TI_int36</name>
         <value>0xffd8</value>
         <object_component_ref idref="oc-7f"/>
      </symbol>
      <symbol id="sm-7d6">
         <name>__TI_int31</name>
         <value>0xffce</value>
         <object_component_ref idref="oc-7a"/>
      </symbol>
      <symbol id="sm-7d7">
         <name>selectedRow</name>
         <value>0x1c04</value>
         <object_component_ref idref="oc-3a3"/>
      </symbol>
      <symbol id="sm-7d8">
         <name>displayMode</name>
         <value>0x1c06</value>
         <object_component_ref idref="oc-3a3"/>
      </symbol>
      <symbol id="sm-7d9">
         <name>button2_hold_seconds</name>
         <value>0x1c0a</value>
         <object_component_ref idref="oc-3a3"/>
      </symbol>
      <symbol id="sm-7da">
         <name>__TI_int40</name>
         <value>0xffe0</value>
         <object_component_ref idref="oc-83"/>
      </symbol>
      <symbol id="sm-7db">
         <name>__TI_int41</name>
         <value>0xffe2</value>
         <object_component_ref idref="oc-84"/>
      </symbol>
      <symbol id="sm-7dc">
         <name>Port_1</name>
         <value>0x19e0</value>
         <object_component_ref idref="oc-33a"/>
      </symbol>
      <symbol id="sm-7dd">
         <name>Port_2</name>
         <value>0x19ec</value>
         <object_component_ref idref="oc-32e"/>
      </symbol>
      <symbol id="sm-7de">
         <name>initialize</name>
         <value>0x7d0</value>
         <object_component_ref idref="oc-3da"/>
      </symbol>
      <symbol id="sm-7df">
         <name>Timer1_A1_ISR</name>
         <value>0xa48</value>
         <object_component_ref idref="oc-340"/>
      </symbol>
      <symbol id="sm-7e0">
         <name>main</name>
         <value>0x80</value>
         <object_component_ref idref="oc-373"/>
      </symbol>
      <symbol id="sm-7e1">
         <name>blink</name>
         <value>0x1c02</value>
         <object_component_ref idref="oc-3a3"/>
      </symbol>
      <symbol id="sm-7e2">
         <name>Timer1_B0_ISR</name>
         <value>0xa7c</value>
         <object_component_ref idref="oc-334"/>
      </symbol>
      <symbol id="sm-7e3">
         <name>Timer1_A0_ISR</name>
         <value>0xaac</value>
         <object_component_ref idref="oc-346"/>
      </symbol>
      <symbol id="sm-7e4">
         <name>button1_hold_seconds</name>
         <value>0x1c09</value>
         <object_component_ref idref="oc-3a3"/>
      </symbol>
      <symbol id="sm-7e5">
         <name>button_shift_reg_2</name>
         <value>0x1c08</value>
         <object_component_ref idref="oc-3a3"/>
      </symbol>
      <symbol id="sm-7e6">
         <name>button_shift_reg_1</name>
         <value>0x1c07</value>
         <object_component_ref idref="oc-3a3"/>
      </symbol>
      <symbol id="sm-7e7">
         <name>nextState</name>
         <value>0x1c00</value>
         <object_component_ref idref="oc-3a3"/>
      </symbol>
      <symbol id="sm-7e8">
         <name>rtc_isr</name>
         <value>0x9f4</value>
         <object_component_ref idref="oc-323"/>
      </symbol>
      <symbol id="sm-7f0">
         <name>_stack</name>
         <value>0x1f60</value>
         <object_component_ref idref="oc-307"/>
      </symbol>
      <symbol id="sm-7f1">
         <name>_reset_vector</name>
         <value>0xfffe</value>
         <object_component_ref idref="oc-30a"/>
      </symbol>
      <symbol id="sm-7fb">
         <name>_c_int00_noargs_noexit_mpu</name>
         <value>0xae8</value>
         <object_component_ref idref="oc-b6"/>
      </symbol>
      <symbol id="sm-819">
         <name>__TI_decompress_lzss</name>
         <value>0x92e</value>
         <object_component_ref idref="oc-6e"/>
      </symbol>
      <symbol id="sm-82f">
         <name>__TI_decompress_none</name>
         <value>0x19ba</value>
         <object_component_ref idref="oc-74"/>
      </symbol>
      <symbol id="sm-847">
         <name>__TI_zero_init</name>
         <value>0x1992</value>
         <object_component_ref idref="oc-92"/>
      </symbol>
      <symbol id="sm-851">
         <name>C$$EXIT</name>
         <value>0x1a08</value>
         <object_component_ref idref="oc-37b"/>
      </symbol>
      <symbol id="sm-852">
         <name>abort</name>
         <value>0x1a08</value>
         <object_component_ref idref="oc-37b"/>
      </symbol>
      <symbol id="sm-856">
         <name>__TI_int32</name>
         <value>0xffd0</value>
         <object_component_ref idref="oc-7b"/>
      </symbol>
      <symbol id="sm-859">
         <name>__TI_int33</name>
         <value>0xffd2</value>
         <object_component_ref idref="oc-7c"/>
      </symbol>
      <symbol id="sm-85c">
         <name>__TI_int34</name>
         <value>0xffd4</value>
         <object_component_ref idref="oc-7d"/>
      </symbol>
      <symbol id="sm-85f">
         <name>__TI_int35</name>
         <value>0xffd6</value>
         <object_component_ref idref="oc-7e"/>
      </symbol>
      <symbol id="sm-862">
         <name>__TI_int37</name>
         <value>0xffda</value>
         <object_component_ref idref="oc-80"/>
      </symbol>
      <symbol id="sm-865">
         <name>__TI_int42</name>
         <value>0xffe4</value>
         <object_component_ref idref="oc-85"/>
      </symbol>
      <symbol id="sm-868">
         <name>__TI_int43</name>
         <value>0xffe6</value>
         <object_component_ref idref="oc-86"/>
      </symbol>
      <symbol id="sm-86b">
         <name>__TI_int44</name>
         <value>0xffe8</value>
         <object_component_ref idref="oc-87"/>
      </symbol>
      <symbol id="sm-86e">
         <name>__TI_int45</name>
         <value>0xffea</value>
         <object_component_ref idref="oc-88"/>
      </symbol>
      <symbol id="sm-871">
         <name>__TI_int46</name>
         <value>0xffec</value>
         <object_component_ref idref="oc-89"/>
      </symbol>
      <symbol id="sm-874">
         <name>__TI_int47</name>
         <value>0xffee</value>
         <object_component_ref idref="oc-8a"/>
      </symbol>
      <symbol id="sm-877">
         <name>__TI_int48</name>
         <value>0xfff0</value>
         <object_component_ref idref="oc-8b"/>
      </symbol>
      <symbol id="sm-87a">
         <name>__TI_int49</name>
         <value>0xfff2</value>
         <object_component_ref idref="oc-8c"/>
      </symbol>
      <symbol id="sm-87d">
         <name>__TI_int50</name>
         <value>0xfff4</value>
         <object_component_ref idref="oc-8d"/>
      </symbol>
      <symbol id="sm-880">
         <name>__TI_int51</name>
         <value>0xfff6</value>
         <object_component_ref idref="oc-8e"/>
      </symbol>
      <symbol id="sm-883">
         <name>__TI_int52</name>
         <value>0xfff8</value>
         <object_component_ref idref="oc-8f"/>
      </symbol>
      <symbol id="sm-886">
         <name>__TI_int53</name>
         <value>0xfffa</value>
         <object_component_ref idref="oc-90"/>
      </symbol>
      <symbol id="sm-889">
         <name>__TI_int54</name>
         <value>0xfffc</value>
         <object_component_ref idref="oc-91"/>
      </symbol>
      <symbol id="sm-891">
         <name>__TI_ISR_TRAP</name>
         <value>0x19f6</value>
         <object_component_ref idref="oc-329"/>
      </symbol>
      <symbol id="sm-89f">
         <name>memcpy</name>
         <value>0x19cc</value>
         <object_component_ref idref="oc-316"/>
      </symbol>
      <symbol id="sm-8a8">
         <name>__mpu_init</name>
         <value>0xaca</value>
         <object_component_ref idref="oc-36c"/>
      </symbol>
      <symbol id="sm-8b1">
         <name>__mspabi_mpyi_f5hw</name>
         <value>0x19a6</value>
         <object_component_ref idref="oc-713"/>
      </symbol>
      <symbol id="sm-8bd">
         <name>_system_pre_init</name>
         <value>0x1a0e</value>
         <object_component_ref idref="oc-353"/>
      </symbol>
      <symbol id="sm-8e0">
         <name>_auto_init_hold_wdt</name>
         <value>0x8b0</value>
         <object_component_ref idref="oc-359"/>
      </symbol>
      <symbol id="sm-8f6">
         <name>copy_in</name>
         <value>0x99c</value>
         <object_component_ref idref="oc-3b3"/>
      </symbol>
      <symbol id="sm-900">
         <name>_system_post_cinit</name>
         <value>0xa46</value>
         <object_component_ref idref="oc-3b9"/>
      </symbol>
      <symbol id="sm-905">
         <name>__TI_BINIT_Base</name>
         <value>0x0</value>
      </symbol>
      <symbol id="sm-906">
         <name>__TI_BINIT_Limit</name>
         <value>0x0</value>
      </symbol>
      <symbol id="sm-907">
         <name>__TI_INITARRAY_Base</name>
         <value>0x0</value>
      </symbol>
      <symbol id="sm-908">
         <name>__TI_INITARRAY_Limit</name>
         <value>0x0</value>
      </symbol>
   </symbol_table>
   <title>Link errors: red sections failed placement,available memory ranges in purple</title>
</link_info>
