******************************************************************************
                  MSP430 Linker PC v16.9.4                     
******************************************************************************
>> Linked Tue Oct 31 23:17:04 2017

OUTPUT FILE NAME:   <LED_Watch_v1.1.out>
ENTRY POINT SYMBOL: "_c_int00_noargs_noexit_mpu"  address: 00000ae8


MEMORY CONFIGURATION

         name            origin    length      used     unused   attr    fill
----------------------  --------  ---------  --------  --------  ----  --------
  SFR                   00000000   00000010  00000000  00000010  RWIX
  PERIPHERALS_8BIT      00000010   000000f0  00000000  000000f0  RWIX
  PERIPHERALS_16BIT     00000100   00000100  00000000  00000100  RWIX
  INFOB                 00001800   00000080  00000000  00000080  RWIX
  INFOA                 00001880   00000080  00000000  00000080  RWIX
  RAM                   00001c00   00000400  000000b3  0000034d  RWIX
  FRAM                  0000f000   00000f80  00000000  00000f80  RWIX
  JTAGSIGNATURE         0000ff80   00000004  00000004  00000000  RWIX  ffff 
  BSLSIGNATURE          0000ff84   00000004  00000004  00000000  RWIX  ffff 
  IPESIGNATURE          0000ff88   00000008  00000008  00000000  RWIX  ffff 
  INT00                 0000ff90   00000002  00000000  00000002  RWIX
  INT01                 0000ff92   00000002  00000000  00000002  RWIX
  INT02                 0000ff94   00000002  00000000  00000002  RWIX
  INT03                 0000ff96   00000002  00000000  00000002  RWIX
  INT04                 0000ff98   00000002  00000000  00000002  RWIX
  INT05                 0000ff9a   00000002  00000000  00000002  RWIX
  INT06                 0000ff9c   00000002  00000000  00000002  RWIX
  INT07                 0000ff9e   00000002  00000000  00000002  RWIX
  INT08                 0000ffa0   00000002  00000000  00000002  RWIX
  INT09                 0000ffa2   00000002  00000000  00000002  RWIX
  INT10                 0000ffa4   00000002  00000000  00000002  RWIX
  INT11                 0000ffa6   00000002  00000000  00000002  RWIX
  INT12                 0000ffa8   00000002  00000000  00000002  RWIX
  INT13                 0000ffaa   00000002  00000000  00000002  RWIX
  INT14                 0000ffac   00000002  00000000  00000002  RWIX
  INT15                 0000ffae   00000002  00000000  00000002  RWIX
  INT16                 0000ffb0   00000002  00000000  00000002  RWIX
  INT17                 0000ffb2   00000002  00000000  00000002  RWIX
  INT18                 0000ffb4   00000002  00000000  00000002  RWIX
  INT19                 0000ffb6   00000002  00000000  00000002  RWIX
  INT20                 0000ffb8   00000002  00000000  00000002  RWIX
  INT21                 0000ffba   00000002  00000000  00000002  RWIX
  INT22                 0000ffbc   00000002  00000000  00000002  RWIX
  INT23                 0000ffbe   00000002  00000000  00000002  RWIX
  INT24                 0000ffc0   00000002  00000000  00000002  RWIX
  INT25                 0000ffc2   00000002  00000000  00000002  RWIX
  INT26                 0000ffc4   00000002  00000000  00000002  RWIX
  INT27                 0000ffc6   00000002  00000000  00000002  RWIX
  INT28                 0000ffc8   00000002  00000000  00000002  RWIX
  INT29                 0000ffca   00000002  00000000  00000002  RWIX
  INT30                 0000ffcc   00000002  00000000  00000002  RWIX
  INT31                 0000ffce   00000002  00000002  00000000  RWIX
  INT32                 0000ffd0   00000002  00000002  00000000  RWIX
  INT33                 0000ffd2   00000002  00000002  00000000  RWIX
  INT34                 0000ffd4   00000002  00000002  00000000  RWIX
  INT35                 0000ffd6   00000002  00000002  00000000  RWIX
  INT36                 0000ffd8   00000002  00000002  00000000  RWIX
  INT37                 0000ffda   00000002  00000002  00000000  RWIX
  INT38                 0000ffdc   00000002  00000002  00000000  RWIX
  INT39                 0000ffde   00000002  00000002  00000000  RWIX
  INT40                 0000ffe0   00000002  00000002  00000000  RWIX
  INT41                 0000ffe2   00000002  00000002  00000000  RWIX
  INT42                 0000ffe4   00000002  00000002  00000000  RWIX
  INT43                 0000ffe6   00000002  00000002  00000000  RWIX
  INT44                 0000ffe8   00000002  00000002  00000000  RWIX
  INT45                 0000ffea   00000002  00000002  00000000  RWIX
  INT46                 0000ffec   00000002  00000002  00000000  RWIX
  INT47                 0000ffee   00000002  00000002  00000000  RWIX
  INT48                 0000fff0   00000002  00000002  00000000  RWIX
  INT49                 0000fff2   00000002  00000002  00000000  RWIX
  INT50                 0000fff4   00000002  00000002  00000000  RWIX
  INT51                 0000fff6   00000002  00000002  00000000  RWIX
  INT52                 0000fff8   00000002  00000002  00000000  RWIX
  INT53                 0000fffa   00000002  00000002  00000000  RWIX
  INT54                 0000fffc   00000002  00000002  00000000  RWIX
  RESET                 0000fffe   00000002  00000002  00000000  RWIX


SECTION ALLOCATION MAP

 output                                  attributes/
section   page    origin      length       input sections
--------  ----  ----------  ----------   ----------------
.TI.persistent 
*          0    00000000    00000000     UNINITIALIZED

.cio       0    00000000    00000000     UNINITIALIZED

.sysmem    0    00000000    00000000     UNINITIALIZED

.cinit     0    00000000    0000001e     
                  00000000    0000000c     (.cinit..data.load) [load image, compression = lzss]
                  0000000c    00000006     (__TI_handler_table)
                  00000012    00000004     (.cinit..bss.load) [load image, compression = zero_init]
                  00000016    00000008     (__TI_cinit_table)

.pinit     0    0000001e    00000000     UNINITIALIZED

.binit     0    0000001e    00000000     

.init_array 
*          0    0000001e    00000000     UNINITIALIZED

.mspabi.exidx 
*          0    0000001e    00000000     UNINITIALIZED

.mspabi.extab 
*          0    0000001e    00000000     UNINITIALIZED

.const     0    0000001e    00000000     UNINITIALIZED

.text      0    00000080    00001992     
                  00000080    00000750     main.obj (.text:main)
                  000007d0    000000e0     main.obj (.text:initialize)
                  000008b0    0000007e     rts430x_sc_sd_eabi.lib : autoinit_wdt.obj (.text:_auto_init_hold_wdt)
                  0000092e    0000006e                            : copy_decompress_lzss.obj (.text:decompress:lzss:__TI_decompress_lzss)
                  0000099c    00000058                            : cpy_tbl.obj (.text:copy_in)
                  000009f4    00000052     main.obj (.text:rtc_isr)
                  00000a46    00000002     rts430x_sc_sd_eabi.lib : startup.obj (.text:_system_post_cinit)
                  00000a48    00000032     main.obj (.text:Timer1_A1_ISR)
                  00000a7a    00000002     --HOLE--
                  00000a7c    00000030     main.obj (.text:Timer1_B0_ISR)
                  00000aac    0000001e     main.obj (.text:Timer1_A0_ISR)
                  00000aca    0000001e     rts430x_sc_sd_eabi.lib : mpu_init.obj (.text:__mpu_init)
                  00000ae8    0000001e                            : boot_special.obj (.text:_c_int00_noargs_noexit_mpu)
                  00000b06    00000002     --HOLE--
                  00000b08    0000001c     led_controller.obj (.text:eight_hours)
                  00000b24    0000001c     led_controller.obj (.text:eight_minutes)
                  00000b40    0000001c     led_controller.obj (.text:eight_seconds)
                  00000b5c    0000001c     led_controller.obj (.text:eighteen_minutes)
                  00000b78    0000001c     led_controller.obj (.text:eighteen_seconds)
                  00000b94    0000001c     led_controller.obj (.text:eleven_hours)
                  00000bb0    0000001c     led_controller.obj (.text:eleven_minutes)
                  00000bcc    0000001c     led_controller.obj (.text:eleven_seconds)
                  00000be8    0000001c     led_controller.obj (.text:fifteen_minutes)
                  00000c04    0000001c     led_controller.obj (.text:fifteen_seconds)
                  00000c20    0000001c     led_controller.obj (.text:fifty_minutes)
                  00000c3c    0000001c     led_controller.obj (.text:fifty_seconds)
                  00000c58    0000001c     led_controller.obj (.text:fiftyeight_seconds)
                  00000c74    0000001c     led_controller.obj (.text:fiftyfive_seconds)
                  00000c90    0000001c     led_controller.obj (.text:fiftyfour_seconds)
                  00000cac    0000001c     led_controller.obj (.text:fiftynine_seconds)
                  00000cc8    0000001c     led_controller.obj (.text:fiftyone_seconds)
                  00000ce4    0000001c     led_controller.obj (.text:fiftyseven_minutes)
                  00000d00    0000001c     led_controller.obj (.text:fiftyseven_seconds)
                  00000d1c    0000001c     led_controller.obj (.text:fiftysix_minutes)
                  00000d38    0000001c     led_controller.obj (.text:fiftysix_seconds)
                  00000d54    0000001c     led_controller.obj (.text:fiftythree_minutes)
                  00000d70    0000001c     led_controller.obj (.text:fiftythree_seconds)
                  00000d8c    0000001c     led_controller.obj (.text:fiftytwo_seconds)
                  00000da8    0000001c     led_controller.obj (.text:five_hours)
                  00000dc4    0000001c     led_controller.obj (.text:five_minutes)
                  00000de0    0000001c     led_controller.obj (.text:five_seconds)
                  00000dfc    0000001c     led_controller.obj (.text:forty_minutes)
                  00000e18    0000001c     led_controller.obj (.text:forty_seconds)
                  00000e34    0000001c     led_controller.obj (.text:fortyeight_minutes)
                  00000e50    0000001c     led_controller.obj (.text:fortyeight_seconds)
                  00000e6c    0000001c     led_controller.obj (.text:fortyfive_minutes)
                  00000e88    0000001c     led_controller.obj (.text:fortyfive_seconds)
                  00000ea4    0000001c     led_controller.obj (.text:fortyfour_minutes)
                  00000ec0    0000001c     led_controller.obj (.text:fortyfour_seconds)
                  00000edc    0000001c     led_controller.obj (.text:fortynine_minutes)
                  00000ef8    0000001c     led_controller.obj (.text:fortynine_seconds)
                  00000f14    0000001c     led_controller.obj (.text:fortyone_minutes)
                  00000f30    0000001c     led_controller.obj (.text:fortyone_seconds)
                  00000f4c    0000001c     led_controller.obj (.text:fortyseven_minutes)
                  00000f68    0000001c     led_controller.obj (.text:fortyseven_seconds)
                  00000f84    0000001c     led_controller.obj (.text:fortysix_minutes)
                  00000fa0    0000001c     led_controller.obj (.text:fortysix_seconds)
                  00000fbc    0000001c     led_controller.obj (.text:fortythree_minutes)
                  00000fd8    0000001c     led_controller.obj (.text:fortythree_seconds)
                  00000ff4    0000001c     led_controller.obj (.text:fortytwo_minutes)
                  00001010    0000001c     led_controller.obj (.text:fortytwo_seconds)
                  0000102c    0000001c     led_controller.obj (.text:four_hours)
                  00001048    0000001c     led_controller.obj (.text:four_minutes)
                  00001064    0000001c     led_controller.obj (.text:four_seconds)
                  00001080    0000001c     led_controller.obj (.text:fourteen_minutes)
                  0000109c    0000001c     led_controller.obj (.text:fourteen_seconds)
                  000010b8    0000001c     led_controller.obj (.text:nine_hours)
                  000010d4    0000001c     led_controller.obj (.text:nine_minutes)
                  000010f0    0000001c     led_controller.obj (.text:nine_seconds)
                  0000110c    0000001c     led_controller.obj (.text:nineteen_minutes)
                  00001128    0000001c     led_controller.obj (.text:nineteen_seconds)
                  00001144    0000001c     led_controller.obj (.text:one_hours)
                  00001160    0000001c     led_controller.obj (.text:one_minutes)
                  0000117c    0000001c     led_controller.obj (.text:one_seconds)
                  00001198    0000001c     led_controller.obj (.text:reset_leds)
                  000011b4    0000001c     led_controller.obj (.text:seven_hours)
                  000011d0    0000001c     led_controller.obj (.text:seven_minutes)
                  000011ec    0000001c     led_controller.obj (.text:seven_seconds)
                  00001208    0000001c     led_controller.obj (.text:seventeen_minutes)
                  00001224    0000001c     led_controller.obj (.text:seventeen_seconds)
                  00001240    0000001c     led_controller.obj (.text:six_hours)
                  0000125c    0000001c     led_controller.obj (.text:six_minutes)
                  00001278    0000001c     led_controller.obj (.text:six_seconds)
                  00001294    0000001c     led_controller.obj (.text:sixteen_minutes)
                  000012b0    0000001c     led_controller.obj (.text:sixteen_seconds)
                  000012cc    0000001c     led_controller.obj (.text:ten_hours)
                  000012e8    0000001c     led_controller.obj (.text:ten_minutes)
                  00001304    0000001c     led_controller.obj (.text:ten_seconds)
                  00001320    0000001c     led_controller.obj (.text:thirteen_minutes)
                  0000133c    0000001c     led_controller.obj (.text:thirteen_seconds)
                  00001358    0000001c     led_controller.obj (.text:thirty_minutes)
                  00001374    0000001c     led_controller.obj (.text:thirty_seconds)
                  00001390    0000001c     led_controller.obj (.text:thirtyeight_minutes)
                  000013ac    0000001c     led_controller.obj (.text:thirtyeight_seconds)
                  000013c8    0000001c     led_controller.obj (.text:thirtyfive_minutes)
                  000013e4    0000001c     led_controller.obj (.text:thirtyfive_seconds)
                  00001400    0000001c     led_controller.obj (.text:thirtyfour_minutes)
                  0000141c    0000001c     led_controller.obj (.text:thirtyfour_seconds)
                  00001438    0000001c     led_controller.obj (.text:thirtynine_minutes)
                  00001454    0000001c     led_controller.obj (.text:thirtynine_seconds)
                  00001470    0000001c     led_controller.obj (.text:thirtyone_minutes)
                  0000148c    0000001c     led_controller.obj (.text:thirtyone_seconds)
                  000014a8    0000001c     led_controller.obj (.text:thirtyseven_minutes)
                  000014c4    0000001c     led_controller.obj (.text:thirtyseven_seconds)
                  000014e0    0000001c     led_controller.obj (.text:thirtysix_minutes)
                  000014fc    0000001c     led_controller.obj (.text:thirtysix_seconds)
                  00001518    0000001c     led_controller.obj (.text:thirtythree_minutes)
                  00001534    0000001c     led_controller.obj (.text:thirtythree_seconds)
                  00001550    0000001c     led_controller.obj (.text:thirtytwo_minutes)
                  0000156c    0000001c     led_controller.obj (.text:thirtytwo_seconds)
                  00001588    0000001c     led_controller.obj (.text:three_hours)
                  000015a4    0000001c     led_controller.obj (.text:three_minutes)
                  000015c0    0000001c     led_controller.obj (.text:three_seconds)
                  000015dc    0000001c     led_controller.obj (.text:twelve_minutes)
                  000015f8    0000001c     led_controller.obj (.text:twelve_seconds)
                  00001614    0000001c     led_controller.obj (.text:twenty_minutes)
                  00001630    0000001c     led_controller.obj (.text:twenty_seconds)
                  0000164c    0000001c     led_controller.obj (.text:twentyeight_minutes)
                  00001668    0000001c     led_controller.obj (.text:twentyeight_seconds)
                  00001684    0000001c     led_controller.obj (.text:twentyfive_minutes)
                  000016a0    0000001c     led_controller.obj (.text:twentyfive_seconds)
                  000016bc    0000001c     led_controller.obj (.text:twentyfour_minutes)
                  000016d8    0000001c     led_controller.obj (.text:twentyfour_seconds)
                  000016f4    0000001c     led_controller.obj (.text:twentynine_minutes)
                  00001710    0000001c     led_controller.obj (.text:twentynine_seconds)
                  0000172c    0000001c     led_controller.obj (.text:twentyone_minutes)
                  00001748    0000001c     led_controller.obj (.text:twentyone_seconds)
                  00001764    0000001c     led_controller.obj (.text:twentyseven_minutes)
                  00001780    0000001c     led_controller.obj (.text:twentyseven_seconds)
                  0000179c    0000001c     led_controller.obj (.text:twentysix_minutes)
                  000017b8    0000001c     led_controller.obj (.text:twentysix_seconds)
                  000017d4    0000001c     led_controller.obj (.text:twentythree_minutes)
                  000017f0    0000001c     led_controller.obj (.text:twentythree_seconds)
                  0000180c    0000001c     led_controller.obj (.text:twentytwo_minutes)
                  00001828    0000001c     led_controller.obj (.text:twentytwo_seconds)
                  00001844    0000001c     led_controller.obj (.text:two_hours)
                  00001860    0000001c     led_controller.obj (.text:two_seconds)
                  0000187c    0000001c     led_controller.obj (.text:zero_hours)
                  00001898    0000001c     led_controller.obj (.text:zero_seconds)
                  000018b4    0000001a     led_controller.obj (.text:fiftyeight_minutes)
                  000018ce    00000002     --HOLE--
                  000018d0    0000001a     led_controller.obj (.text:fiftyfive_minutes)
                  000018ea    00000002     --HOLE--
                  000018ec    0000001a     led_controller.obj (.text:fiftyfour_minutes)
                  00001906    00000002     --HOLE--
                  00001908    0000001a     led_controller.obj (.text:fiftynine_minutes)
                  00001922    00000002     --HOLE--
                  00001924    0000001a     led_controller.obj (.text:fiftyone_minutes)
                  0000193e    00000002     --HOLE--
                  00001940    0000001a     led_controller.obj (.text:fiftytwo_minutes)
                  0000195a    00000002     --HOLE--
                  0000195c    0000001a     led_controller.obj (.text:two_minutes)
                  00001976    00000002     --HOLE--
                  00001978    0000001a     led_controller.obj (.text:zero_minutes)
                  00001992    00000014     rts430x_sc_sd_eabi.lib : copy_zero_init.obj (.text:decompress:ZI:__TI_zero_init)
                  000019a6    00000014                            : mult16_f5hw.obj (.text)
                  000019ba    00000012                            : copy_decompress_none.obj (.text:decompress:none:__TI_decompress_none)
                  000019cc    00000012                            : memcpy.obj (.text:memcpy)
                  000019de    00000002     --HOLE--
                  000019e0    0000000a     main.obj (.text:Port_1)
                  000019ea    00000002     --HOLE--
                  000019ec    0000000a     main.obj (.text:Port_2)
                  000019f6    00000008     rts430x_sc_sd_eabi.lib : isr_trap.obj (.text:_isr:__TI_ISR_TRAP)
                  000019fe    00000002     --HOLE--
                  00001a00    00000008     led_controller.obj (.text:pm_on)
                  00001a08    00000006     rts430x_sc_sd_eabi.lib : exit.obj (.text:abort)
                  00001a0e    00000004                            : pre_init.obj (.text:_system_pre_init)

.data      0    00001c00    0000000b     UNINITIALIZED
                  00001c00    0000000b     main.obj (.data)

.bss       0    00001c0c    00000008     UNINITIALIZED
                  00001c0c    00000002     (.common:set_new_time)
                  00001c0e    00000001     (.common:disp_hours)
                  00001c0f    00000001     (.common:disp_minutes)
                  00001c10    00000001     (.common:disp_seconds)
                  00001c11    00000001     (.common:rtc_hours)
                  00001c12    00000001     (.common:rtc_minutes)
                  00001c13    00000001     (.common:rtc_seconds)

.stack     0    00001f60    000000a0     UNINITIALIZED
                  00001f60    00000002     rts430x_sc_sd_eabi.lib : boot.obj (.stack)
                  00001f62    0000009e     --HOLE--

$fill000   0    0000ff80    00000004     
                  0000ff80    00000004     --HOLE-- [fill = ffff]

$fill001   0    0000ff84    00000004     
                  0000ff84    00000004     --HOLE-- [fill = ffff]

$fill002   0    0000ff88    00000008     
                  0000ff88    00000008     --HOLE-- [fill = ffff]

RTC        0    0000ffce    00000002     
                  0000ffce    00000002     main.obj (.int31)

PORT4      0    0000ffd0    00000002     
                  0000ffd0    00000002     rts430x_sc_sd_eabi.lib : int32.obj (.int32)

PORT3      0    0000ffd2    00000002     
                  0000ffd2    00000002     rts430x_sc_sd_eabi.lib : int33.obj (.int33)

TIMER2_B1 
*          0    0000ffd4    00000002     
                  0000ffd4    00000002     rts430x_sc_sd_eabi.lib : int34.obj (.int34)

TIMER2_B0 
*          0    0000ffd6    00000002     
                  0000ffd6    00000002     rts430x_sc_sd_eabi.lib : int35.obj (.int35)

PORT2      0    0000ffd8    00000002     
                  0000ffd8    00000002     main.obj (.int36)

TIMER1_B1 
*          0    0000ffda    00000002     
                  0000ffda    00000002     rts430x_sc_sd_eabi.lib : int37.obj (.int37)

TIMER1_B0 
*          0    0000ffdc    00000002     
                  0000ffdc    00000002     main.obj (.int38)

PORT1      0    0000ffde    00000002     
                  0000ffde    00000002     main.obj (.int39)

TIMER1_A1 
*          0    0000ffe0    00000002     
                  0000ffe0    00000002     main.obj (.int40)

TIMER1_A0 
*          0    0000ffe2    00000002     
                  0000ffe2    00000002     main.obj (.int41)

DMA        0    0000ffe4    00000002     
                  0000ffe4    00000002     rts430x_sc_sd_eabi.lib : int42.obj (.int42)

USCI_A1    0    0000ffe6    00000002     
                  0000ffe6    00000002     rts430x_sc_sd_eabi.lib : int43.obj (.int43)

TIMER0_A1 
*          0    0000ffe8    00000002     
                  0000ffe8    00000002     rts430x_sc_sd_eabi.lib : int44.obj (.int44)

TIMER0_A0 
*          0    0000ffea    00000002     
                  0000ffea    00000002     rts430x_sc_sd_eabi.lib : int45.obj (.int45)

ADC10      0    0000ffec    00000002     
                  0000ffec    00000002     rts430x_sc_sd_eabi.lib : int46.obj (.int46)

USCI_B0    0    0000ffee    00000002     
                  0000ffee    00000002     rts430x_sc_sd_eabi.lib : int47.obj (.int47)

USCI_A0    0    0000fff0    00000002     
                  0000fff0    00000002     rts430x_sc_sd_eabi.lib : int48.obj (.int48)

WDT        0    0000fff2    00000002     
                  0000fff2    00000002     rts430x_sc_sd_eabi.lib : int49.obj (.int49)

TIMER0_B1 
*          0    0000fff4    00000002     
                  0000fff4    00000002     rts430x_sc_sd_eabi.lib : int50.obj (.int50)

TIMER0_B0 
*          0    0000fff6    00000002     
                  0000fff6    00000002     rts430x_sc_sd_eabi.lib : int51.obj (.int51)

COMP_D     0    0000fff8    00000002     
                  0000fff8    00000002     rts430x_sc_sd_eabi.lib : int52.obj (.int52)

UNMI       0    0000fffa    00000002     
                  0000fffa    00000002     rts430x_sc_sd_eabi.lib : int53.obj (.int53)

SYSNMI     0    0000fffc    00000002     
                  0000fffc    00000002     rts430x_sc_sd_eabi.lib : int54.obj (.int54)

.reset     0    0000fffe    00000002     
                  0000fffe    00000002     rts430x_sc_sd_eabi.lib : boot.obj (.reset)

MODULE SUMMARY

       Module         code   ro data   rw data
       ------         ----   -------   -------
    .\
       main.obj       0      12        19     
    +--+--------------+------+---------+---------+
       Total:         0      12        19     
                                              
    C:\ti\ccsv7\tools\compiler\ti-cgt-msp430_16.9.4.LTS\lib\rts430x_sc_sd_eabi.lib
       boot.obj       0      2         0      
       int32.obj      0      2         0      
       int33.obj      0      2         0      
       int34.obj      0      2         0      
       int35.obj      0      2         0      
       int37.obj      0      2         0      
       int42.obj      0      2         0      
       int43.obj      0      2         0      
       int44.obj      0      2         0      
       int45.obj      0      2         0      
       int46.obj      0      2         0      
       int47.obj      0      2         0      
       int48.obj      0      2         0      
       int49.obj      0      2         0      
       int50.obj      0      2         0      
       int51.obj      0      2         0      
       int52.obj      0      2         0      
       int53.obj      0      2         0      
       int54.obj      0      2         0      
    +--+--------------+------+---------+---------+
       Total:         0      38        0      
                                              
       Stack:         0      0         160    
    +--+--------------+------+---------+---------+
       Grand Total:   0      50        179    


LINKER GENERATED COPY TABLES

__TI_cinit_table @ 00000016 records: 2, size/record: 4, table size: 8
	.data: load addr=00000000, load size=0000000c bytes, run addr=00001c00, run size=0000000b bytes, compression=lzss
	.bss: load addr=00000012, load size=00000004 bytes, run addr=00001c0c, run size=00000008 bytes, compression=zero_init


LINKER GENERATED HANDLER TABLE

__TI_handler_table @ 0000000c records: 3, size/record: 2, table size: 6
	index: 0, handler: __TI_zero_init
	index: 1, handler: __TI_decompress_lzss
	index: 2, handler: __TI_decompress_none


GLOBAL SYMBOLS: SORTED ALPHABETICALLY BY Name 

address   name                      
-------   ----                      
00000700  ADC10CTL0                 
00000701  ADC10CTL0_H               
00000700  ADC10CTL0_L               
00000702  ADC10CTL1                 
00000703  ADC10CTL1_H               
00000702  ADC10CTL1_L               
00000704  ADC10CTL2                 
00000705  ADC10CTL2_H               
00000704  ADC10CTL2_L               
00000708  ADC10HI                   
00000709  ADC10HI_H                 
00000708  ADC10HI_L                 
0000071a  ADC10IE                   
0000071b  ADC10IE_H                 
0000071a  ADC10IE_L                 
0000071c  ADC10IFG                  
0000071d  ADC10IFG_H                
0000071c  ADC10IFG_L                
0000071e  ADC10IV                   
0000071f  ADC10IV_H                 
0000071e  ADC10IV_L                 
00000706  ADC10LO                   
00000707  ADC10LO_H                 
00000706  ADC10LO_L                 
0000070a  ADC10MCTL0                
0000070b  ADC10MCTL0_H              
0000070a  ADC10MCTL0_L              
00000712  ADC10MEM0                 
00000713  ADC10MEM0_H               
00000712  ADC10MEM0_L               
000004be  BCD2BIN                   
000004bc  BIN2BCD                   
00001a08  C$$EXIT                   
000008c0  CDCTL0                    
000008c1  CDCTL0_H                  
000008c0  CDCTL0_L                  
000008c2  CDCTL1                    
000008c3  CDCTL1_H                  
000008c2  CDCTL1_L                  
000008c4  CDCTL2                    
000008c5  CDCTL2_H                  
000008c4  CDCTL2_L                  
000008c6  CDCTL3                    
000008c7  CDCTL3_H                  
000008c6  CDCTL3_L                  
000008cc  CDINT                     
000008cd  CDINT_H                   
000008cc  CDINT_L                   
000008ce  CDIV                      
000008cf  CDIV_H                    
000008ce  CDIV_L                    
00000150  CRCDI                     
00000152  CRCDIRB                   
00000153  CRCDIRB_H                 
00000152  CRCDIRB_L                 
00000151  CRCDI_H                   
00000150  CRCDI_L                   
00000154  CRCINIRES                 
00000155  CRCINIRES_H               
00000154  CRCINIRES_L               
00000156  CRCRESR                   
00000157  CRCRESR_H                 
00000156  CRCRESR_L                 
00000160  CSCTL0                    
00000161  CSCTL0_H                  
00000160  CSCTL0_L                  
00000162  CSCTL1                    
00000163  CSCTL1_H                  
00000162  CSCTL1_L                  
00000164  CSCTL2                    
00000165  CSCTL2_H                  
00000164  CSCTL2_L                  
00000166  CSCTL3                    
00000167  CSCTL3_H                  
00000166  CSCTL3_L                  
00000168  CSCTL4                    
00000169  CSCTL4_H                  
00000168  CSCTL4_L                  
0000016a  CSCTL5                    
0000016b  CSCTL5_H                  
0000016a  CSCTL5_L                  
0000016c  CSCTL6                    
0000016d  CSCTL6_H                  
0000016c  CSCTL6_L                  
00000510  DMA0CTL                   
00000511  DMA0CTL_H                 
00000510  DMA0CTL_L                 
00000516  DMA0DA                    
00000518  DMA0DAH                   
00000516  DMA0DAL                   
00000512  DMA0SA                    
00000514  DMA0SAH                   
00000512  DMA0SAL                   
0000051a  DMA0SZ                    
00000520  DMA1CTL                   
00000521  DMA1CTL_H                 
00000520  DMA1CTL_L                 
00000526  DMA1DA                    
00000528  DMA1DAH                   
00000526  DMA1DAL                   
00000522  DMA1SA                    
00000524  DMA1SAH                   
00000522  DMA1SAL                   
0000052a  DMA1SZ                    
00000530  DMA2CTL                   
00000531  DMA2CTL_H                 
00000530  DMA2CTL_L                 
00000536  DMA2DA                    
00000538  DMA2DAH                   
00000536  DMA2DAL                   
00000532  DMA2SA                    
00000534  DMA2SAH                   
00000532  DMA2SAL                   
0000053a  DMA2SZ                    
00000500  DMACTL0                   
00000501  DMACTL0_H                 
00000500  DMACTL0_L                 
00000502  DMACTL1                   
00000503  DMACTL1_H                 
00000502  DMACTL1_L                 
00000504  DMACTL2                   
00000505  DMACTL2_H                 
00000504  DMACTL2_L                 
00000506  DMACTL3                   
00000507  DMACTL3_H                 
00000506  DMACTL3_L                 
00000508  DMACTL4                   
00000509  DMACTL4_H                 
00000508  DMACTL4_L                 
0000050e  DMAIV                     
0000050f  DMAIV_H                   
0000050e  DMAIV_L                   
00000140  FRCTL0                    
00000141  FRCTL0_H                  
00000140  FRCTL0_L                  
00000144  GCCTL0                    
00000145  GCCTL0_H                  
00000144  GCCTL0_L                  
00000146  GCCTL1                    
00000147  GCCTL1_H                  
00000146  GCCTL1_L                  
000004c4  MAC                       
000004da  MAC32H                    
000004db  MAC32H_H                  
000004da  MAC32H_L                  
000004d8  MAC32L                    
000004d9  MAC32L_H                  
000004d8  MAC32L_L                  
000004c6  MACS                      
000004de  MACS32H                   
000004df  MACS32H_H                 
000004de  MACS32H_L                 
000004dc  MACS32L                   
000004dd  MACS32L_H                 
000004dc  MACS32L_L                 
000004c7  MACS_H                    
000004c6  MACS_L                    
000004c5  MAC_H                     
000004c4  MAC_L                     
000005a0  MPUCTL0                   
000005a1  MPUCTL0_H                 
000005a0  MPUCTL0_L                 
000005a2  MPUCTL1                   
000005a3  MPUCTL1_H                 
000005a2  MPUCTL1_L                 
000005a6  MPUSAM                    
000005a7  MPUSAM_H                  
000005a6  MPUSAM_L                  
000005a4  MPUSEG                    
000005a5  MPUSEG_H                  
000005a4  MPUSEG_L                  
000004c0  MPY                       
000004ec  MPY32CTL0                 
000004ed  MPY32CTL0_H               
000004ec  MPY32CTL0_L               
000004d2  MPY32H                    
000004d3  MPY32H_H                  
000004d2  MPY32H_L                  
000004d0  MPY32L                    
000004d1  MPY32L_H                  
000004d0  MPY32L_L                  
000004c2  MPYS                      
000004d6  MPYS32H                   
000004d7  MPYS32H_H                 
000004d6  MPYS32H_L                 
000004d4  MPYS32L                   
000004d5  MPYS32L_H                 
000004d4  MPYS32L_L                 
000004c3  MPYS_H                    
000004c2  MPYS_L                    
000004c1  MPY_H                     
000004c0  MPY_L                     
000004c8  OP2                       
000004e2  OP2H                      
000004e3  OP2H_H                    
000004e2  OP2H_L                    
000004e0  OP2L                      
000004e1  OP2L_H                    
000004e0  OP2L_L                    
000004c9  OP2_H                     
000004c8  OP2_L                     
0000020e  P1IV                      
0000021e  P2IV                      
0000022e  P3IV                      
0000023e  P4IV                      
00000204  PADIR                     
00000205  PADIR_H                   
00000204  PADIR_L                   
0000021a  PAIE                      
00000218  PAIES                     
00000219  PAIES_H                   
00000218  PAIES_L                   
0000021b  PAIE_H                    
0000021a  PAIE_L                    
0000021c  PAIFG                     
0000021d  PAIFG_H                   
0000021c  PAIFG_L                   
00000200  PAIN                      
00000201  PAIN_H                    
00000200  PAIN_L                    
00000202  PAOUT                     
00000203  PAOUT_H                   
00000202  PAOUT_L                   
00000206  PAREN                     
00000207  PAREN_H                   
00000206  PAREN_L                   
0000020a  PASEL0                    
0000020b  PASEL0_H                  
0000020a  PASEL0_L                  
0000020c  PASEL1                    
0000020d  PASEL1_H                  
0000020c  PASEL1_L                  
00000216  PASELC                    
00000217  PASELC_H                  
00000216  PASELC_L                  
00000224  PBDIR                     
00000225  PBDIR_H                   
00000224  PBDIR_L                   
0000023a  PBIE                      
00000238  PBIES                     
00000239  PBIES_H                   
00000238  PBIES_L                   
0000023b  PBIE_H                    
0000023a  PBIE_L                    
0000023c  PBIFG                     
0000023d  PBIFG_H                   
0000023c  PBIFG_L                   
00000220  PBIN                      
00000221  PBIN_H                    
00000220  PBIN_L                    
00000222  PBOUT                     
00000223  PBOUT_H                   
00000222  PBOUT_L                   
00000226  PBREN                     
00000227  PBREN_H                   
00000226  PBREN_L                   
0000022a  PBSEL0                    
0000022b  PBSEL0_H                  
0000022a  PBSEL0_L                  
0000022c  PBSEL1                    
0000022d  PBSEL1_H                  
0000022c  PBSEL1_L                  
00000236  PBSELC                    
00000237  PBSELC_H                  
00000236  PBSELC_L                  
00000324  PJDIR                     
00000325  PJDIR_H                   
00000324  PJDIR_L                   
00000320  PJIN                      
00000321  PJIN_H                    
00000320  PJIN_L                    
00000322  PJOUT                     
00000323  PJOUT_H                   
00000322  PJOUT_L                   
00000326  PJREN                     
00000327  PJREN_H                   
00000326  PJREN_L                   
0000032a  PJSEL0                    
0000032b  PJSEL0_H                  
0000032a  PJSEL0_L                  
0000032c  PJSEL1                    
0000032d  PJSEL1_H                  
0000032c  PJSEL1_L                  
00000336  PJSELC                    
00000337  PJSELC_H                  
00000336  PJSELC_L                  
00000130  PM5CTL0                   
00000131  PM5CTL0_H                 
00000130  PM5CTL0_L                 
00000120  PMMCTL0                   
00000121  PMMCTL0_H                 
00000120  PMMCTL0_L                 
0000012a  PMMIFG                    
0000012b  PMMIFG_H                  
0000012a  PMMIFG_L                  
000019e0  Port_1                    
000019ec  Port_2                    
000001b0  REFCTL0                   
000001b1  REFCTL0_H                 
000001b0  REFCTL0_L                 
000004e4  RES0                      
000004e5  RES0_H                    
000004e4  RES0_L                    
000004e6  RES1                      
000004e7  RES1_H                    
000004e6  RES1_L                    
000004e8  RES2                      
000004e9  RES2_H                    
000004e8  RES2_L                    
000004ea  RES3                      
000004eb  RES3_H                    
000004ea  RES3_L                    
000004cc  RESHI                     
000004cd  RESHI_H                   
000004cc  RESHI_L                   
000004ca  RESLO                     
000004cb  RESLO_H                   
000004ca  RESLO_L                   
000004ba  RTCADOWDAY                
000004bb  RTCADOWDAY_H              
000004ba  RTCADOWDAY_L              
000004b8  RTCAMINHR                 
000004b9  RTCAMINHR_H               
000004b8  RTCAMINHR_L               
000004a0  RTCCTL01                  
000004a1  RTCCTL01_H                
000004a0  RTCCTL01_L                
000004a2  RTCCTL23                  
000004a3  RTCCTL23_H                
000004a2  RTCCTL23_L                
000004b4  RTCDATE                   
000004b5  RTCDATE_H                 
000004b4  RTCDATE_L                 
000004ae  RTCIV                     
000004ac  RTCPS                     
000004a8  RTCPS0CTL                 
000004a9  RTCPS0CTL_H               
000004a8  RTCPS0CTL_L               
000004aa  RTCPS1CTL                 
000004ab  RTCPS1CTL_H               
000004aa  RTCPS1CTL_L               
000004ad  RTCPS_H                   
000004ac  RTCPS_L                   
000004b0  RTCTIM0                   
000004b1  RTCTIM0_H                 
000004b0  RTCTIM0_L                 
000004b2  RTCTIM1                   
000004b3  RTCTIM1_H                 
000004b2  RTCTIM1_L                 
000004b6  RTCYEAR                   
000004b7  RTCYEAR_H                 
000004b6  RTCYEAR_L                 
00000100  SFRIE1                    
00000101  SFRIE1_H                  
00000100  SFRIE1_L                  
00000102  SFRIFG1                   
00000103  SFRIFG1_H                 
00000102  SFRIFG1_L                 
00000104  SFRRPCR                   
00000105  SFRRPCR_H                 
00000104  SFRRPCR_L                 
000004ce  SUMEXT                    
000004cf  SUMEXT_H                  
000004ce  SUMEXT_L                  
00000198  SYSBERRIV                 
00000199  SYSBERRIV_H               
00000198  SYSBERRIV_L               
00000182  SYSBSLC                   
00000183  SYSBSLC_H                 
00000182  SYSBSLC_L                 
00000180  SYSCTL                    
00000181  SYSCTL_H                  
00000180  SYSCTL_L                  
00000186  SYSJMBC                   
00000187  SYSJMBC_H                 
00000186  SYSJMBC_L                 
00000188  SYSJMBI0                  
00000189  SYSJMBI0_H                
00000188  SYSJMBI0_L                
0000018a  SYSJMBI1                  
0000018b  SYSJMBI1_H                
0000018a  SYSJMBI1_L                
0000018c  SYSJMBO0                  
0000018d  SYSJMBO0_H                
0000018c  SYSJMBO0_L                
0000018e  SYSJMBO1                  
0000018f  SYSJMBO1_H                
0000018e  SYSJMBO1_L                
0000019e  SYSRSTIV                  
0000019f  SYSRSTIV_H                
0000019e  SYSRSTIV_L                
0000019c  SYSSNIV                   
0000019d  SYSSNIV_H                 
0000019c  SYSSNIV_L                 
0000019a  SYSUNIV                   
0000019b  SYSUNIV_H                 
0000019a  SYSUNIV_L                 
00000352  TA0CCR0                   
00000354  TA0CCR1                   
00000356  TA0CCR2                   
00000342  TA0CCTL0                  
00000344  TA0CCTL1                  
00000346  TA0CCTL2                  
00000340  TA0CTL                    
00000360  TA0EX0                    
0000036e  TA0IV                     
00000350  TA0R                      
00000392  TA1CCR0                   
00000394  TA1CCR1                   
00000396  TA1CCR2                   
00000382  TA1CCTL0                  
00000384  TA1CCTL1                  
00000386  TA1CCTL2                  
00000380  TA1CTL                    
000003a0  TA1EX0                    
000003ae  TA1IV                     
00000390  TA1R                      
000003d2  TB0CCR0                   
000003d4  TB0CCR1                   
000003d6  TB0CCR2                   
000003c2  TB0CCTL0                  
000003c4  TB0CCTL1                  
000003c6  TB0CCTL2                  
000003c0  TB0CTL                    
000003e0  TB0EX0                    
000003ee  TB0IV                     
000003d0  TB0R                      
00000412  TB1CCR0                   
00000414  TB1CCR1                   
00000416  TB1CCR2                   
00000402  TB1CCTL0                  
00000404  TB1CCTL1                  
00000406  TB1CCTL2                  
00000400  TB1CTL                    
00000420  TB1EX0                    
0000042e  TB1IV                     
00000410  TB1R                      
00000452  TB2CCR0                   
00000454  TB2CCR1                   
00000456  TB2CCR2                   
00000442  TB2CCTL0                  
00000444  TB2CCTL1                  
00000446  TB2CCTL2                  
00000440  TB2CTL                    
00000460  TB2EX0                    
0000046e  TB2IV                     
00000450  TB2R                      
00000aac  Timer1_A0_ISR             
00000a48  Timer1_A1_ISR             
00000a7c  Timer1_B0_ISR             
000005d0  UCA0ABCTL                 
000005c6  UCA0BRW                   
000005c7  UCA0BRW_H                 
000005c6  UCA0BRW_L                 
000005c0  UCA0CTLW0                 
000005c1  UCA0CTLW0_H               
000005c0  UCA0CTLW0_L               
000005c2  UCA0CTLW1                 
000005c3  UCA0CTLW1_H               
000005c2  UCA0CTLW1_L               
000005da  UCA0IE                    
000005db  UCA0IE_H                  
000005da  UCA0IE_L                  
000005dc  UCA0IFG                   
000005dd  UCA0IFG_H                 
000005dc  UCA0IFG_L                 
000005d2  UCA0IRCTL                 
000005d3  UCA0IRCTL_H               
000005d2  UCA0IRCTL_L               
000005de  UCA0IV                    
000005c8  UCA0MCTLW                 
000005c9  UCA0MCTLW_H               
000005c8  UCA0MCTLW_L               
000005cc  UCA0RXBUF                 
000005cd  UCA0RXBUF_H               
000005cc  UCA0RXBUF_L               
000005ca  UCA0STATW                 
000005ce  UCA0TXBUF                 
000005cf  UCA0TXBUF_H               
000005ce  UCA0TXBUF_L               
000005f0  UCA1ABCTL                 
000005e6  UCA1BRW                   
000005e7  UCA1BRW_H                 
000005e6  UCA1BRW_L                 
000005e0  UCA1CTLW0                 
000005e1  UCA1CTLW0_H               
000005e0  UCA1CTLW0_L               
000005e2  UCA1CTLW1                 
000005e3  UCA1CTLW1_H               
000005e2  UCA1CTLW1_L               
000005fa  UCA1IE                    
000005fb  UCA1IE_H                  
000005fa  UCA1IE_L                  
000005fc  UCA1IFG                   
000005fd  UCA1IFG_H                 
000005fc  UCA1IFG_L                 
000005f2  UCA1IRCTL                 
000005f3  UCA1IRCTL_H               
000005f2  UCA1IRCTL_L               
000005fe  UCA1IV                    
000005e8  UCA1MCTLW                 
000005e9  UCA1MCTLW_H               
000005e8  UCA1MCTLW_L               
000005ec  UCA1RXBUF                 
000005ed  UCA1RXBUF_H               
000005ec  UCA1RXBUF_L               
000005ea  UCA1STATW                 
000005ee  UCA1TXBUF                 
000005ef  UCA1TXBUF_H               
000005ee  UCA1TXBUF_L               
0000065e  UCB0ADDMASK               
0000065f  UCB0ADDMASK_H             
0000065e  UCB0ADDMASK_L             
0000065c  UCB0ADDRX                 
0000065d  UCB0ADDRX_H               
0000065c  UCB0ADDRX_L               
00000646  UCB0BRW                   
00000647  UCB0BRW_H                 
00000646  UCB0BRW_L                 
00000640  UCB0CTLW0                 
00000641  UCB0CTLW0_H               
00000640  UCB0CTLW0_L               
00000642  UCB0CTLW1                 
00000643  UCB0CTLW1_H               
00000642  UCB0CTLW1_L               
00000654  UCB0I2COA0                
00000655  UCB0I2COA0_H              
00000654  UCB0I2COA0_L              
00000656  UCB0I2COA1                
00000657  UCB0I2COA1_H              
00000656  UCB0I2COA1_L              
00000658  UCB0I2COA2                
00000659  UCB0I2COA2_H              
00000658  UCB0I2COA2_L              
0000065a  UCB0I2COA3                
0000065b  UCB0I2COA3_H              
0000065a  UCB0I2COA3_L              
00000660  UCB0I2CSA                 
00000661  UCB0I2CSA_H               
00000660  UCB0I2CSA_L               
0000066a  UCB0IE                    
0000066b  UCB0IE_H                  
0000066a  UCB0IE_L                  
0000066c  UCB0IFG                   
0000066d  UCB0IFG_H                 
0000066c  UCB0IFG_L                 
0000066e  UCB0IV                    
0000064c  UCB0RXBUF                 
0000064d  UCB0RXBUF_H               
0000064c  UCB0RXBUF_L               
00000648  UCB0STATW                 
00000649  UCB0STATW_H               
00000648  UCB0STATW_L               
0000064a  UCB0TBCNT                 
0000064b  UCB0TBCNT_H               
0000064a  UCB0TBCNT_L               
0000064e  UCB0TXBUF                 
0000064f  UCB0TXBUF_H               
0000064e  UCB0TXBUF_L               
0000015c  WDTCTL                    
0000015d  WDTCTL_H                  
0000015c  WDTCTL_L                  
00002000  __STACK_END               
000000a0  __STACK_SIZE              
UNDEFED   __TI_BINIT_Base           
UNDEFED   __TI_BINIT_Limit          
00000016  __TI_CINIT_Base           
0000001e  __TI_CINIT_Limit          
0000000c  __TI_Handler_Table_Base   
00000012  __TI_Handler_Table_Limit  
UNDEFED   __TI_INITARRAY_Base       
UNDEFED   __TI_INITARRAY_Limit      
000019f6  __TI_ISR_TRAP             
0000092e  __TI_decompress_lzss      
000019ba  __TI_decompress_none      
0000ffce  __TI_int31                
0000ffd0  __TI_int32                
0000ffd2  __TI_int33                
0000ffd4  __TI_int34                
0000ffd6  __TI_int35                
0000ffd8  __TI_int36                
0000ffda  __TI_int37                
0000ffdc  __TI_int38                
0000ffde  __TI_int39                
0000ffe0  __TI_int40                
0000ffe2  __TI_int41                
0000ffe4  __TI_int42                
0000ffe6  __TI_int43                
0000ffe8  __TI_int44                
0000ffea  __TI_int45                
0000ffec  __TI_int46                
0000ffee  __TI_int47                
0000fff0  __TI_int48                
0000fff2  __TI_int49                
0000fff4  __TI_int50                
0000fff6  __TI_int51                
0000fff8  __TI_int52                
0000fffa  __TI_int53                
0000fffc  __TI_int54                
ffffffff  __TI_pprof_out_hndl       
ffffffff  __TI_prof_data_size       
ffffffff  __TI_prof_data_start      
00001992  __TI_zero_init            
ffffffff  __c_args__                
00000aca  __mpu_init                
00007513  __mpusam                  
ffffff20  __mpuseg                  
000019a6  __mspabi_mpyi_f5hw        
000008b0  _auto_init_hold_wdt       
00000ae8  _c_int00_noargs_noexit_mpu
0000fffe  _reset_vector             
00001f60  _stack                    
00000a46  _system_post_cinit        
00001a0e  _system_pre_init          
00001a08  abort                     
00001c02  blink                     
00001c09  button1_hold_seconds      
00001c0a  button2_hold_seconds      
00001c07  button_shift_reg_1        
00001c08  button_shift_reg_2        
0000099c  copy_in                   
00001c0e  disp_hours                
00001c0f  disp_minutes              
00001c10  disp_seconds              
00001c06  displayMode               
00000b08  eight_hours               
00000b24  eight_minutes             
00000b40  eight_seconds             
00000b5c  eighteen_minutes          
00000b78  eighteen_seconds          
00000b94  eleven_hours              
00000bb0  eleven_minutes            
00000bcc  eleven_seconds            
00000be8  fifteen_minutes           
00000c04  fifteen_seconds           
00000c20  fifty_minutes             
00000c3c  fifty_seconds             
000018b4  fiftyeight_minutes        
00000c58  fiftyeight_seconds        
000018d0  fiftyfive_minutes         
00000c74  fiftyfive_seconds         
000018ec  fiftyfour_minutes         
00000c90  fiftyfour_seconds         
00001908  fiftynine_minutes         
00000cac  fiftynine_seconds         
00001924  fiftyone_minutes          
00000cc8  fiftyone_seconds          
00000ce4  fiftyseven_minutes        
00000d00  fiftyseven_seconds        
00000d1c  fiftysix_minutes          
00000d38  fiftysix_seconds          
00000d54  fiftythree_minutes        
00000d70  fiftythree_seconds        
00001940  fiftytwo_minutes          
00000d8c  fiftytwo_seconds          
00000da8  five_hours                
00000dc4  five_minutes              
00000de0  five_seconds              
00000dfc  forty_minutes             
00000e18  forty_seconds             
00000e34  fortyeight_minutes        
00000e50  fortyeight_seconds        
00000e6c  fortyfive_minutes         
00000e88  fortyfive_seconds         
00000ea4  fortyfour_minutes         
00000ec0  fortyfour_seconds         
00000edc  fortynine_minutes         
00000ef8  fortynine_seconds         
00000f14  fortyone_minutes          
00000f30  fortyone_seconds          
00000f4c  fortyseven_minutes        
00000f68  fortyseven_seconds        
00000f84  fortysix_minutes          
00000fa0  fortysix_seconds          
00000fbc  fortythree_minutes        
00000fd8  fortythree_seconds        
00000ff4  fortytwo_minutes          
00001010  fortytwo_seconds          
0000102c  four_hours                
00001048  four_minutes              
00001064  four_seconds              
00001080  fourteen_minutes          
0000109c  fourteen_seconds          
00000000  fram_ro_start             
00000000  fram_rw_start             
00000080  fram_rx_start             
000007d0  initialize                
00000080  main                      
000019cc  memcpy                    
fffffe20  mpusb1                    
fffffe21  mpusb2                    
00001c00  nextState                 
000010b8  nine_hours                
000010d4  nine_minutes              
000010f0  nine_seconds              
0000110c  nineteen_minutes          
00001128  nineteen_seconds          
00001144  one_hours                 
00001160  one_minutes               
0000117c  one_seconds               
00001a00  pm_on                     
00001198  reset_leds                
00001c11  rtc_hours                 
000009f4  rtc_isr                   
00001c12  rtc_minutes               
00001c13  rtc_seconds               
00001c04  selectedRow               
00001c0c  set_new_time              
000011b4  seven_hours               
000011d0  seven_minutes             
000011ec  seven_seconds             
00001208  seventeen_minutes         
00001224  seventeen_seconds         
00001240  six_hours                 
0000125c  six_minutes               
00001278  six_seconds               
00001294  sixteen_minutes           
000012b0  sixteen_seconds           
000012cc  ten_hours                 
000012e8  ten_minutes               
00001304  ten_seconds               
00001320  thirteen_minutes          
0000133c  thirteen_seconds          
00001358  thirty_minutes            
00001374  thirty_seconds            
00001390  thirtyeight_minutes       
000013ac  thirtyeight_seconds       
000013c8  thirtyfive_minutes        
000013e4  thirtyfive_seconds        
00001400  thirtyfour_minutes        
0000141c  thirtyfour_seconds        
00001438  thirtynine_minutes        
00001454  thirtynine_seconds        
00001470  thirtyone_minutes         
0000148c  thirtyone_seconds         
000014a8  thirtyseven_minutes       
000014c4  thirtyseven_seconds       
000014e0  thirtysix_minutes         
000014fc  thirtysix_seconds         
00001518  thirtythree_minutes       
00001534  thirtythree_seconds       
00001550  thirtytwo_minutes         
0000156c  thirtytwo_seconds         
00001588  three_hours               
000015a4  three_minutes             
000015c0  three_seconds             
000015dc  twelve_minutes            
000015f8  twelve_seconds            
00001614  twenty_minutes            
00001630  twenty_seconds            
0000164c  twentyeight_minutes       
00001668  twentyeight_seconds       
00001684  twentyfive_minutes        
000016a0  twentyfive_seconds        
000016bc  twentyfour_minutes        
000016d8  twentyfour_seconds        
000016f4  twentynine_minutes        
00001710  twentynine_seconds        
0000172c  twentyone_minutes         
00001748  twentyone_seconds         
00001764  twentyseven_minutes       
00001780  twentyseven_seconds       
0000179c  twentysix_minutes         
000017b8  twentysix_seconds         
000017d4  twentythree_minutes       
000017f0  twentythree_seconds       
0000180c  twentytwo_minutes         
00001828  twentytwo_seconds         
00001844  two_hours                 
0000195c  two_minutes               
00001860  two_seconds               
0000187c  zero_hours                
00001978  zero_minutes              
00001898  zero_seconds              


GLOBAL SYMBOLS: SORTED BY Symbol Address 

address   name                      
-------   ----                      
00000000  fram_ro_start             
00000000  fram_rw_start             
0000000c  __TI_Handler_Table_Base   
00000012  __TI_Handler_Table_Limit  
00000016  __TI_CINIT_Base           
0000001e  __TI_CINIT_Limit          
00000080  fram_rx_start             
00000080  main                      
000000a0  __STACK_SIZE              
00000100  SFRIE1                    
00000100  SFRIE1_L                  
00000101  SFRIE1_H                  
00000102  SFRIFG1                   
00000102  SFRIFG1_L                 
00000103  SFRIFG1_H                 
00000104  SFRRPCR                   
00000104  SFRRPCR_L                 
00000105  SFRRPCR_H                 
00000120  PMMCTL0                   
00000120  PMMCTL0_L                 
00000121  PMMCTL0_H                 
0000012a  PMMIFG                    
0000012a  PMMIFG_L                  
0000012b  PMMIFG_H                  
00000130  PM5CTL0                   
00000130  PM5CTL0_L                 
00000131  PM5CTL0_H                 
00000140  FRCTL0                    
00000140  FRCTL0_L                  
00000141  FRCTL0_H                  
00000144  GCCTL0                    
00000144  GCCTL0_L                  
00000145  GCCTL0_H                  
00000146  GCCTL1                    
00000146  GCCTL1_L                  
00000147  GCCTL1_H                  
00000150  CRCDI                     
00000150  CRCDI_L                   
00000151  CRCDI_H                   
00000152  CRCDIRB                   
00000152  CRCDIRB_L                 
00000153  CRCDIRB_H                 
00000154  CRCINIRES                 
00000154  CRCINIRES_L               
00000155  CRCINIRES_H               
00000156  CRCRESR                   
00000156  CRCRESR_L                 
00000157  CRCRESR_H                 
0000015c  WDTCTL                    
0000015c  WDTCTL_L                  
0000015d  WDTCTL_H                  
00000160  CSCTL0                    
00000160  CSCTL0_L                  
00000161  CSCTL0_H                  
00000162  CSCTL1                    
00000162  CSCTL1_L                  
00000163  CSCTL1_H                  
00000164  CSCTL2                    
00000164  CSCTL2_L                  
00000165  CSCTL2_H                  
00000166  CSCTL3                    
00000166  CSCTL3_L                  
00000167  CSCTL3_H                  
00000168  CSCTL4                    
00000168  CSCTL4_L                  
00000169  CSCTL4_H                  
0000016a  CSCTL5                    
0000016a  CSCTL5_L                  
0000016b  CSCTL5_H                  
0000016c  CSCTL6                    
0000016c  CSCTL6_L                  
0000016d  CSCTL6_H                  
00000180  SYSCTL                    
00000180  SYSCTL_L                  
00000181  SYSCTL_H                  
00000182  SYSBSLC                   
00000182  SYSBSLC_L                 
00000183  SYSBSLC_H                 
00000186  SYSJMBC                   
00000186  SYSJMBC_L                 
00000187  SYSJMBC_H                 
00000188  SYSJMBI0                  
00000188  SYSJMBI0_L                
00000189  SYSJMBI0_H                
0000018a  SYSJMBI1                  
0000018a  SYSJMBI1_L                
0000018b  SYSJMBI1_H                
0000018c  SYSJMBO0                  
0000018c  SYSJMBO0_L                
0000018d  SYSJMBO0_H                
0000018e  SYSJMBO1                  
0000018e  SYSJMBO1_L                
0000018f  SYSJMBO1_H                
00000198  SYSBERRIV                 
00000198  SYSBERRIV_L               
00000199  SYSBERRIV_H               
0000019a  SYSUNIV                   
0000019a  SYSUNIV_L                 
0000019b  SYSUNIV_H                 
0000019c  SYSSNIV                   
0000019c  SYSSNIV_L                 
0000019d  SYSSNIV_H                 
0000019e  SYSRSTIV                  
0000019e  SYSRSTIV_L                
0000019f  SYSRSTIV_H                
000001b0  REFCTL0                   
000001b0  REFCTL0_L                 
000001b1  REFCTL0_H                 
00000200  PAIN                      
00000200  PAIN_L                    
00000201  PAIN_H                    
00000202  PAOUT                     
00000202  PAOUT_L                   
00000203  PAOUT_H                   
00000204  PADIR                     
00000204  PADIR_L                   
00000205  PADIR_H                   
00000206  PAREN                     
00000206  PAREN_L                   
00000207  PAREN_H                   
0000020a  PASEL0                    
0000020a  PASEL0_L                  
0000020b  PASEL0_H                  
0000020c  PASEL1                    
0000020c  PASEL1_L                  
0000020d  PASEL1_H                  
0000020e  P1IV                      
00000216  PASELC                    
00000216  PASELC_L                  
00000217  PASELC_H                  
00000218  PAIES                     
00000218  PAIES_L                   
00000219  PAIES_H                   
0000021a  PAIE                      
0000021a  PAIE_L                    
0000021b  PAIE_H                    
0000021c  PAIFG                     
0000021c  PAIFG_L                   
0000021d  PAIFG_H                   
0000021e  P2IV                      
00000220  PBIN                      
00000220  PBIN_L                    
00000221  PBIN_H                    
00000222  PBOUT                     
00000222  PBOUT_L                   
00000223  PBOUT_H                   
00000224  PBDIR                     
00000224  PBDIR_L                   
00000225  PBDIR_H                   
00000226  PBREN                     
00000226  PBREN_L                   
00000227  PBREN_H                   
0000022a  PBSEL0                    
0000022a  PBSEL0_L                  
0000022b  PBSEL0_H                  
0000022c  PBSEL1                    
0000022c  PBSEL1_L                  
0000022d  PBSEL1_H                  
0000022e  P3IV                      
00000236  PBSELC                    
00000236  PBSELC_L                  
00000237  PBSELC_H                  
00000238  PBIES                     
00000238  PBIES_L                   
00000239  PBIES_H                   
0000023a  PBIE                      
0000023a  PBIE_L                    
0000023b  PBIE_H                    
0000023c  PBIFG                     
0000023c  PBIFG_L                   
0000023d  PBIFG_H                   
0000023e  P4IV                      
00000320  PJIN                      
00000320  PJIN_L                    
00000321  PJIN_H                    
00000322  PJOUT                     
00000322  PJOUT_L                   
00000323  PJOUT_H                   
00000324  PJDIR                     
00000324  PJDIR_L                   
00000325  PJDIR_H                   
00000326  PJREN                     
00000326  PJREN_L                   
00000327  PJREN_H                   
0000032a  PJSEL0                    
0000032a  PJSEL0_L                  
0000032b  PJSEL0_H                  
0000032c  PJSEL1                    
0000032c  PJSEL1_L                  
0000032d  PJSEL1_H                  
00000336  PJSELC                    
00000336  PJSELC_L                  
00000337  PJSELC_H                  
00000340  TA0CTL                    
00000342  TA0CCTL0                  
00000344  TA0CCTL1                  
00000346  TA0CCTL2                  
00000350  TA0R                      
00000352  TA0CCR0                   
00000354  TA0CCR1                   
00000356  TA0CCR2                   
00000360  TA0EX0                    
0000036e  TA0IV                     
00000380  TA1CTL                    
00000382  TA1CCTL0                  
00000384  TA1CCTL1                  
00000386  TA1CCTL2                  
00000390  TA1R                      
00000392  TA1CCR0                   
00000394  TA1CCR1                   
00000396  TA1CCR2                   
000003a0  TA1EX0                    
000003ae  TA1IV                     
000003c0  TB0CTL                    
000003c2  TB0CCTL0                  
000003c4  TB0CCTL1                  
000003c6  TB0CCTL2                  
000003d0  TB0R                      
000003d2  TB0CCR0                   
000003d4  TB0CCR1                   
000003d6  TB0CCR2                   
000003e0  TB0EX0                    
000003ee  TB0IV                     
00000400  TB1CTL                    
00000402  TB1CCTL0                  
00000404  TB1CCTL1                  
00000406  TB1CCTL2                  
00000410  TB1R                      
00000412  TB1CCR0                   
00000414  TB1CCR1                   
00000416  TB1CCR2                   
00000420  TB1EX0                    
0000042e  TB1IV                     
00000440  TB2CTL                    
00000442  TB2CCTL0                  
00000444  TB2CCTL1                  
00000446  TB2CCTL2                  
00000450  TB2R                      
00000452  TB2CCR0                   
00000454  TB2CCR1                   
00000456  TB2CCR2                   
00000460  TB2EX0                    
0000046e  TB2IV                     
000004a0  RTCCTL01                  
000004a0  RTCCTL01_L                
000004a1  RTCCTL01_H                
000004a2  RTCCTL23                  
000004a2  RTCCTL23_L                
000004a3  RTCCTL23_H                
000004a8  RTCPS0CTL                 
000004a8  RTCPS0CTL_L               
000004a9  RTCPS0CTL_H               
000004aa  RTCPS1CTL                 
000004aa  RTCPS1CTL_L               
000004ab  RTCPS1CTL_H               
000004ac  RTCPS                     
000004ac  RTCPS_L                   
000004ad  RTCPS_H                   
000004ae  RTCIV                     
000004b0  RTCTIM0                   
000004b0  RTCTIM0_L                 
000004b1  RTCTIM0_H                 
000004b2  RTCTIM1                   
000004b2  RTCTIM1_L                 
000004b3  RTCTIM1_H                 
000004b4  RTCDATE                   
000004b4  RTCDATE_L                 
000004b5  RTCDATE_H                 
000004b6  RTCYEAR                   
000004b6  RTCYEAR_L                 
000004b7  RTCYEAR_H                 
000004b8  RTCAMINHR                 
000004b8  RTCAMINHR_L               
000004b9  RTCAMINHR_H               
000004ba  RTCADOWDAY                
000004ba  RTCADOWDAY_L              
000004bb  RTCADOWDAY_H              
000004bc  BIN2BCD                   
000004be  BCD2BIN                   
000004c0  MPY                       
000004c0  MPY_L                     
000004c1  MPY_H                     
000004c2  MPYS                      
000004c2  MPYS_L                    
000004c3  MPYS_H                    
000004c4  MAC                       
000004c4  MAC_L                     
000004c5  MAC_H                     
000004c6  MACS                      
000004c6  MACS_L                    
000004c7  MACS_H                    
000004c8  OP2                       
000004c8  OP2_L                     
000004c9  OP2_H                     
000004ca  RESLO                     
000004ca  RESLO_L                   
000004cb  RESLO_H                   
000004cc  RESHI                     
000004cc  RESHI_L                   
000004cd  RESHI_H                   
000004ce  SUMEXT                    
000004ce  SUMEXT_L                  
000004cf  SUMEXT_H                  
000004d0  MPY32L                    
000004d0  MPY32L_L                  
000004d1  MPY32L_H                  
000004d2  MPY32H                    
000004d2  MPY32H_L                  
000004d3  MPY32H_H                  
000004d4  MPYS32L                   
000004d4  MPYS32L_L                 
000004d5  MPYS32L_H                 
000004d6  MPYS32H                   
000004d6  MPYS32H_L                 
000004d7  MPYS32H_H                 
000004d8  MAC32L                    
000004d8  MAC32L_L                  
000004d9  MAC32L_H                  
000004da  MAC32H                    
000004da  MAC32H_L                  
000004db  MAC32H_H                  
000004dc  MACS32L                   
000004dc  MACS32L_L                 
000004dd  MACS32L_H                 
000004de  MACS32H                   
000004de  MACS32H_L                 
000004df  MACS32H_H                 
000004e0  OP2L                      
000004e0  OP2L_L                    
000004e1  OP2L_H                    
000004e2  OP2H                      
000004e2  OP2H_L                    
000004e3  OP2H_H                    
000004e4  RES0                      
000004e4  RES0_L                    
000004e5  RES0_H                    
000004e6  RES1                      
000004e6  RES1_L                    
000004e7  RES1_H                    
000004e8  RES2                      
000004e8  RES2_L                    
000004e9  RES2_H                    
000004ea  RES3                      
000004ea  RES3_L                    
000004eb  RES3_H                    
000004ec  MPY32CTL0                 
000004ec  MPY32CTL0_L               
000004ed  MPY32CTL0_H               
00000500  DMACTL0                   
00000500  DMACTL0_L                 
00000501  DMACTL0_H                 
00000502  DMACTL1                   
00000502  DMACTL1_L                 
00000503  DMACTL1_H                 
00000504  DMACTL2                   
00000504  DMACTL2_L                 
00000505  DMACTL2_H                 
00000506  DMACTL3                   
00000506  DMACTL3_L                 
00000507  DMACTL3_H                 
00000508  DMACTL4                   
00000508  DMACTL4_L                 
00000509  DMACTL4_H                 
0000050e  DMAIV                     
0000050e  DMAIV_L                   
0000050f  DMAIV_H                   
00000510  DMA0CTL                   
00000510  DMA0CTL_L                 
00000511  DMA0CTL_H                 
00000512  DMA0SA                    
00000512  DMA0SAL                   
00000514  DMA0SAH                   
00000516  DMA0DA                    
00000516  DMA0DAL                   
00000518  DMA0DAH                   
0000051a  DMA0SZ                    
00000520  DMA1CTL                   
00000520  DMA1CTL_L                 
00000521  DMA1CTL_H                 
00000522  DMA1SA                    
00000522  DMA1SAL                   
00000524  DMA1SAH                   
00000526  DMA1DA                    
00000526  DMA1DAL                   
00000528  DMA1DAH                   
0000052a  DMA1SZ                    
00000530  DMA2CTL                   
00000530  DMA2CTL_L                 
00000531  DMA2CTL_H                 
00000532  DMA2SA                    
00000532  DMA2SAL                   
00000534  DMA2SAH                   
00000536  DMA2DA                    
00000536  DMA2DAL                   
00000538  DMA2DAH                   
0000053a  DMA2SZ                    
000005a0  MPUCTL0                   
000005a0  MPUCTL0_L                 
000005a1  MPUCTL0_H                 
000005a2  MPUCTL1                   
000005a2  MPUCTL1_L                 
000005a3  MPUCTL1_H                 
000005a4  MPUSEG                    
000005a4  MPUSEG_L                  
000005a5  MPUSEG_H                  
000005a6  MPUSAM                    
000005a6  MPUSAM_L                  
000005a7  MPUSAM_H                  
000005c0  UCA0CTLW0                 
000005c0  UCA0CTLW0_L               
000005c1  UCA0CTLW0_H               
000005c2  UCA0CTLW1                 
000005c2  UCA0CTLW1_L               
000005c3  UCA0CTLW1_H               
000005c6  UCA0BRW                   
000005c6  UCA0BRW_L                 
000005c7  UCA0BRW_H                 
000005c8  UCA0MCTLW                 
000005c8  UCA0MCTLW_L               
000005c9  UCA0MCTLW_H               
000005ca  UCA0STATW                 
000005cc  UCA0RXBUF                 
000005cc  UCA0RXBUF_L               
000005cd  UCA0RXBUF_H               
000005ce  UCA0TXBUF                 
000005ce  UCA0TXBUF_L               
000005cf  UCA0TXBUF_H               
000005d0  UCA0ABCTL                 
000005d2  UCA0IRCTL                 
000005d2  UCA0IRCTL_L               
000005d3  UCA0IRCTL_H               
000005da  UCA0IE                    
000005da  UCA0IE_L                  
000005db  UCA0IE_H                  
000005dc  UCA0IFG                   
000005dc  UCA0IFG_L                 
000005dd  UCA0IFG_H                 
000005de  UCA0IV                    
000005e0  UCA1CTLW0                 
000005e0  UCA1CTLW0_L               
000005e1  UCA1CTLW0_H               
000005e2  UCA1CTLW1                 
000005e2  UCA1CTLW1_L               
000005e3  UCA1CTLW1_H               
000005e6  UCA1BRW                   
000005e6  UCA1BRW_L                 
000005e7  UCA1BRW_H                 
000005e8  UCA1MCTLW                 
000005e8  UCA1MCTLW_L               
000005e9  UCA1MCTLW_H               
000005ea  UCA1STATW                 
000005ec  UCA1RXBUF                 
000005ec  UCA1RXBUF_L               
000005ed  UCA1RXBUF_H               
000005ee  UCA1TXBUF                 
000005ee  UCA1TXBUF_L               
000005ef  UCA1TXBUF_H               
000005f0  UCA1ABCTL                 
000005f2  UCA1IRCTL                 
000005f2  UCA1IRCTL_L               
000005f3  UCA1IRCTL_H               
000005fa  UCA1IE                    
000005fa  UCA1IE_L                  
000005fb  UCA1IE_H                  
000005fc  UCA1IFG                   
000005fc  UCA1IFG_L                 
000005fd  UCA1IFG_H                 
000005fe  UCA1IV                    
00000640  UCB0CTLW0                 
00000640  UCB0CTLW0_L               
00000641  UCB0CTLW0_H               
00000642  UCB0CTLW1                 
00000642  UCB0CTLW1_L               
00000643  UCB0CTLW1_H               
00000646  UCB0BRW                   
00000646  UCB0BRW_L                 
00000647  UCB0BRW_H                 
00000648  UCB0STATW                 
00000648  UCB0STATW_L               
00000649  UCB0STATW_H               
0000064a  UCB0TBCNT                 
0000064a  UCB0TBCNT_L               
0000064b  UCB0TBCNT_H               
0000064c  UCB0RXBUF                 
0000064c  UCB0RXBUF_L               
0000064d  UCB0RXBUF_H               
0000064e  UCB0TXBUF                 
0000064e  UCB0TXBUF_L               
0000064f  UCB0TXBUF_H               
00000654  UCB0I2COA0                
00000654  UCB0I2COA0_L              
00000655  UCB0I2COA0_H              
00000656  UCB0I2COA1                
00000656  UCB0I2COA1_L              
00000657  UCB0I2COA1_H              
00000658  UCB0I2COA2                
00000658  UCB0I2COA2_L              
00000659  UCB0I2COA2_H              
0000065a  UCB0I2COA3                
0000065a  UCB0I2COA3_L              
0000065b  UCB0I2COA3_H              
0000065c  UCB0ADDRX                 
0000065c  UCB0ADDRX_L               
0000065d  UCB0ADDRX_H               
0000065e  UCB0ADDMASK               
0000065e  UCB0ADDMASK_L             
0000065f  UCB0ADDMASK_H             
00000660  UCB0I2CSA                 
00000660  UCB0I2CSA_L               
00000661  UCB0I2CSA_H               
0000066a  UCB0IE                    
0000066a  UCB0IE_L                  
0000066b  UCB0IE_H                  
0000066c  UCB0IFG                   
0000066c  UCB0IFG_L                 
0000066d  UCB0IFG_H                 
0000066e  UCB0IV                    
00000700  ADC10CTL0                 
00000700  ADC10CTL0_L               
00000701  ADC10CTL0_H               
00000702  ADC10CTL1                 
00000702  ADC10CTL1_L               
00000703  ADC10CTL1_H               
00000704  ADC10CTL2                 
00000704  ADC10CTL2_L               
00000705  ADC10CTL2_H               
00000706  ADC10LO                   
00000706  ADC10LO_L                 
00000707  ADC10LO_H                 
00000708  ADC10HI                   
00000708  ADC10HI_L                 
00000709  ADC10HI_H                 
0000070a  ADC10MCTL0                
0000070a  ADC10MCTL0_L              
0000070b  ADC10MCTL0_H              
00000712  ADC10MEM0                 
00000712  ADC10MEM0_L               
00000713  ADC10MEM0_H               
0000071a  ADC10IE                   
0000071a  ADC10IE_L                 
0000071b  ADC10IE_H                 
0000071c  ADC10IFG                  
0000071c  ADC10IFG_L                
0000071d  ADC10IFG_H                
0000071e  ADC10IV                   
0000071e  ADC10IV_L                 
0000071f  ADC10IV_H                 
000007d0  initialize                
000008b0  _auto_init_hold_wdt       
000008c0  CDCTL0                    
000008c0  CDCTL0_L                  
000008c1  CDCTL0_H                  
000008c2  CDCTL1                    
000008c2  CDCTL1_L                  
000008c3  CDCTL1_H                  
000008c4  CDCTL2                    
000008c4  CDCTL2_L                  
000008c5  CDCTL2_H                  
000008c6  CDCTL3                    
000008c6  CDCTL3_L                  
000008c7  CDCTL3_H                  
000008cc  CDINT                     
000008cc  CDINT_L                   
000008cd  CDINT_H                   
000008ce  CDIV                      
000008ce  CDIV_L                    
000008cf  CDIV_H                    
0000092e  __TI_decompress_lzss      
0000099c  copy_in                   
000009f4  rtc_isr                   
00000a46  _system_post_cinit        
00000a48  Timer1_A1_ISR             
00000a7c  Timer1_B0_ISR             
00000aac  Timer1_A0_ISR             
00000aca  __mpu_init                
00000ae8  _c_int00_noargs_noexit_mpu
00000b08  eight_hours               
00000b24  eight_minutes             
00000b40  eight_seconds             
00000b5c  eighteen_minutes          
00000b78  eighteen_seconds          
00000b94  eleven_hours              
00000bb0  eleven_minutes            
00000bcc  eleven_seconds            
00000be8  fifteen_minutes           
00000c04  fifteen_seconds           
00000c20  fifty_minutes             
00000c3c  fifty_seconds             
00000c58  fiftyeight_seconds        
00000c74  fiftyfive_seconds         
00000c90  fiftyfour_seconds         
00000cac  fiftynine_seconds         
00000cc8  fiftyone_seconds          
00000ce4  fiftyseven_minutes        
00000d00  fiftyseven_seconds        
00000d1c  fiftysix_minutes          
00000d38  fiftysix_seconds          
00000d54  fiftythree_minutes        
00000d70  fiftythree_seconds        
00000d8c  fiftytwo_seconds          
00000da8  five_hours                
00000dc4  five_minutes              
00000de0  five_seconds              
00000dfc  forty_minutes             
00000e18  forty_seconds             
00000e34  fortyeight_minutes        
00000e50  fortyeight_seconds        
00000e6c  fortyfive_minutes         
00000e88  fortyfive_seconds         
00000ea4  fortyfour_minutes         
00000ec0  fortyfour_seconds         
00000edc  fortynine_minutes         
00000ef8  fortynine_seconds         
00000f14  fortyone_minutes          
00000f30  fortyone_seconds          
00000f4c  fortyseven_minutes        
00000f68  fortyseven_seconds        
00000f84  fortysix_minutes          
00000fa0  fortysix_seconds          
00000fbc  fortythree_minutes        
00000fd8  fortythree_seconds        
00000ff4  fortytwo_minutes          
00001010  fortytwo_seconds          
0000102c  four_hours                
00001048  four_minutes              
00001064  four_seconds              
00001080  fourteen_minutes          
0000109c  fourteen_seconds          
000010b8  nine_hours                
000010d4  nine_minutes              
000010f0  nine_seconds              
0000110c  nineteen_minutes          
00001128  nineteen_seconds          
00001144  one_hours                 
00001160  one_minutes               
0000117c  one_seconds               
00001198  reset_leds                
000011b4  seven_hours               
000011d0  seven_minutes             
000011ec  seven_seconds             
00001208  seventeen_minutes         
00001224  seventeen_seconds         
00001240  six_hours                 
0000125c  six_minutes               
00001278  six_seconds               
00001294  sixteen_minutes           
000012b0  sixteen_seconds           
000012cc  ten_hours                 
000012e8  ten_minutes               
00001304  ten_seconds               
00001320  thirteen_minutes          
0000133c  thirteen_seconds          
00001358  thirty_minutes            
00001374  thirty_seconds            
00001390  thirtyeight_minutes       
000013ac  thirtyeight_seconds       
000013c8  thirtyfive_minutes        
000013e4  thirtyfive_seconds        
00001400  thirtyfour_minutes        
0000141c  thirtyfour_seconds        
00001438  thirtynine_minutes        
00001454  thirtynine_seconds        
00001470  thirtyone_minutes         
0000148c  thirtyone_seconds         
000014a8  thirtyseven_minutes       
000014c4  thirtyseven_seconds       
000014e0  thirtysix_minutes         
000014fc  thirtysix_seconds         
00001518  thirtythree_minutes       
00001534  thirtythree_seconds       
00001550  thirtytwo_minutes         
0000156c  thirtytwo_seconds         
00001588  three_hours               
000015a4  three_minutes             
000015c0  three_seconds             
000015dc  twelve_minutes            
000015f8  twelve_seconds            
00001614  twenty_minutes            
00001630  twenty_seconds            
0000164c  twentyeight_minutes       
00001668  twentyeight_seconds       
00001684  twentyfive_minutes        
000016a0  twentyfive_seconds        
000016bc  twentyfour_minutes        
000016d8  twentyfour_seconds        
000016f4  twentynine_minutes        
00001710  twentynine_seconds        
0000172c  twentyone_minutes         
00001748  twentyone_seconds         
00001764  twentyseven_minutes       
00001780  twentyseven_seconds       
0000179c  twentysix_minutes         
000017b8  twentysix_seconds         
000017d4  twentythree_minutes       
000017f0  twentythree_seconds       
0000180c  twentytwo_minutes         
00001828  twentytwo_seconds         
00001844  two_hours                 
00001860  two_seconds               
0000187c  zero_hours                
00001898  zero_seconds              
000018b4  fiftyeight_minutes        
000018d0  fiftyfive_minutes         
000018ec  fiftyfour_minutes         
00001908  fiftynine_minutes         
00001924  fiftyone_minutes          
00001940  fiftytwo_minutes          
0000195c  two_minutes               
00001978  zero_minutes              
00001992  __TI_zero_init            
000019a6  __mspabi_mpyi_f5hw        
000019ba  __TI_decompress_none      
000019cc  memcpy                    
000019e0  Port_1                    
000019ec  Port_2                    
000019f6  __TI_ISR_TRAP             
00001a00  pm_on                     
00001a08  C$$EXIT                   
00001a08  abort                     
00001a0e  _system_pre_init          
00001c00  nextState                 
00001c02  blink                     
00001c04  selectedRow               
00001c06  displayMode               
00001c07  button_shift_reg_1        
00001c08  button_shift_reg_2        
00001c09  button1_hold_seconds      
00001c0a  button2_hold_seconds      
00001c0c  set_new_time              
00001c0e  disp_hours                
00001c0f  disp_minutes              
00001c10  disp_seconds              
00001c11  rtc_hours                 
00001c12  rtc_minutes               
00001c13  rtc_seconds               
00001f60  _stack                    
00002000  __STACK_END               
00007513  __mpusam                  
0000ffce  __TI_int31                
0000ffd0  __TI_int32                
0000ffd2  __TI_int33                
0000ffd4  __TI_int34                
0000ffd6  __TI_int35                
0000ffd8  __TI_int36                
0000ffda  __TI_int37                
0000ffdc  __TI_int38                
0000ffde  __TI_int39                
0000ffe0  __TI_int40                
0000ffe2  __TI_int41                
0000ffe4  __TI_int42                
0000ffe6  __TI_int43                
0000ffe8  __TI_int44                
0000ffea  __TI_int45                
0000ffec  __TI_int46                
0000ffee  __TI_int47                
0000fff0  __TI_int48                
0000fff2  __TI_int49                
0000fff4  __TI_int50                
0000fff6  __TI_int51                
0000fff8  __TI_int52                
0000fffa  __TI_int53                
0000fffc  __TI_int54                
0000fffe  _reset_vector             
fffffe20  mpusb1                    
fffffe21  mpusb2                    
ffffff20  __mpuseg                  
ffffffff  __TI_pprof_out_hndl       
ffffffff  __TI_prof_data_size       
ffffffff  __TI_prof_data_start      
ffffffff  __c_args__                
UNDEFED   __TI_BINIT_Base           
UNDEFED   __TI_BINIT_Limit          
UNDEFED   __TI_INITARRAY_Base       
UNDEFED   __TI_INITARRAY_Limit      

[774 symbols]
